Microchip MPLAB XC8 Compiler V2.10 ()

Linker command line:

-W-3 --edf=C:\Program Files (x86)\Microchip\xc8\v2.10\pic\dat\en_msgs.txt \
  -cs -h+dist/default/debug\parallelCommunication.X.debug.sym \
  --cmf=dist/default/debug\parallelCommunication.X.debug.cmf -z -Q18F45K22 \
  -oC:\Users\mpill\AppData\Local\Temp\s1fk.2 --defsym=__MPLAB_BUILD=1 \
  -Mdist/default/debug/parallelCommunication.X.debug.map -E1 -ver=XC8 \
  --acfsm=1493 -ASTACK=0250h-05FFh -pstack=STACK -ACODE=00h-07FFFh \
  -ACONST=00h-07FFFh -ASMALLCONST=0600h-06FFhx122 \
  -AMEDIUMCONST=0600h-07FFFh -ACOMRAM=01h-05Fh -AABS1=00h-05FFh \
  -ABIGRAM=01h-05FFh -ARAM=060h-0FFh,0100h-01FFhx5 -ABANK0=060h-0FFh \
  -ABANK1=0100h-01FFh -ABANK2=0200h-02FFh -ABANK3=0300h-03FFh \
  -ABANK4=0400h-04FFh -ABANK5=0500h-05FFh -ASFR=0F38h-0F5Fh,0F60h-0FFFh \
  -preset_vec=00h,intcode=08h,intcodelo=018h,powerup,init -pramtop=0600h \
  -psmallconst=SMALLCONST -pmediumconst=MEDIUMCONST -pconst=CONST \
  -AFARRAM=00h-00h -ACONFIG=0300000h-030000Dh -pconfig=CONFIG \
  -AIDLOC=0200000h-0200007h -pidloc=IDLOC -AEEDATA=0F00000h-0F000FFh \
  -peeprom_data=EEDATA \
  -prdata=COMRAM,nvrram=COMRAM,nvbit=COMRAM,rbss=COMRAM,rbit=COMRAM \
  -pfarbss=FARRAM,fardata=FARRAM,nvFARRAM=FARRAM \
  -pintsave_regs=BIGRAM,bigbss=BIGRAM,bigdata=BIGRAM -pbss=RAM \
  -pidata=CODE,irdata=CODE,ibigdata=CODE,ifardata=CODE -prparam=COMRAM \
  C:\Users\mpill\AppData\Local\Temp\s1fk.o \
  dist/default/debug\parallelCommunication.X.debug.o 

Object code version is 3.11

Machine type is 18F45K22

Call graph: (short form)




                Name                               Link     Load   Length Selector   Space Scale
C:\Users\mpill\AppData\Local\Temp\s1fk.o
                init                                 BA       BA        4        C       0
                reset_vec                             0        0        4        0       0
                idloc                            200000   200000        8   200000       0
                config                           300000   300000        E   300000       0
dist/default/debug\parallelCommunication.X.debug.o
                intcodelo                            18       18       A2        C       0
                intcode                               8        8        6        4       0
                temp                                 5A       5A        1        1       1
                smallconst                          600      600       5C      300       0
                text87                             6870     6870       26      32E       0
                text86                             6704     6704       38      32E       0
                text85                             630C     630C       52      32E       0
                text84                             46F6     46F6      190      32E       0
                text83                             5A44     5A44       C4      32E       0
                text82                             5BBA     5BBA       B0      32E       0
                text81                             3DA0     3DA0      39A      32E       0
                text80                             5D16     5D16       AA      32E       0
                text79                             4FCA     4FCA      104      32E       0
                text78                             35DA     35DA      42A      32E       0
                text77                             66CC     66CC       38      32E       0
                text76                             2CEE     2CEE      4C0      32E       0
                text75                             651C     651C       46      32E       0
                text74                             4DC0     4DC0      106      32E       0
                text73                             52CE     52CE       FE      32E       0
                text72                             4350     4350      212      32E       0
                text71                             69AE     69AE        2      32E       0
                text70                             57EE     57EE       CA      32E       0
                text69                             6562     6562       44      32E       0
                text68                             635E     635E       4E      32E       0
                text67                             597E     597E       C6      32E       0
                text66                             6166     6166       5C      32E       0
                text65                             6694     6694       38      32E       0
                text64                             60A8     60A8       60      32E       0
                text63                              65C      65C      BC6      32E       0
                text62                             5582     5582       D6      32E       0
                text61                             2306     2306      526      32E       0
                text60                             6046     6046       62      32E       0
                text59                             62BA     62BA       52      32E       0
                text58                             5EF0     5EF0       92      32E       0
                text57                             684A     684A       26      32E       0
                text56                             6938     6938       1C      32E       0
                text55                             64D4     64D4       48      32E       0
                text54                             699E     699E        E      32E       0
                text53                             51CE     51CE      100      32E       0
                intcode_body                       4886     4886      11C      32E       0
                text51                             5E58     5E58       98      32E       0
                text50                             67CE     67CE       2C      32E       0
                text49                             68FC     68FC       20      32E       0
                text48                             63F8     63F8       4C      32E       0
                text47                             698E     698E       10      32E       0
                text46                             6268     6268       52      32E       0
                text45                             4BB2     4BB2      108      32E       0
                text43                             697E     697E       10      32E       0
                text42                             6954     6954       1A      32E       0
                text41                             5DC0     5DC0       98      32E       0
                text40                             67A2     67A2       2C      32E       0
                text39                             68DC     68DC       20      32E       0
                text38                             6896     6896       24      32E       0
                text37                             68BA     68BA       22      32E       0
                text36                             673C     673C       36      32E       0
                text35                             53CC     53CC       DE      32E       0
                text34                             6822     6822       28      32E       0
                text33                             665A     665A       3A      32E       0
                text32                             61C2     61C2       54      32E       0
                text31                             4562     4562      194      32E       0
                text30                             58B8     58B8       C6      32E       0
                text29                             5B08     5B08       B2      32E       0
                text28                             3A04     3A04      39C      32E       0
                text27                             5C6A     5C6A       AC      32E       0
                text26                             4CBA     4CBA      106      32E       0
                text25                             31AE     31AE      42C      32E       0
                text24                             6620     6620       3A      32E       0
                text23                             282C     282C      4C2      32E       0
                text22                             648C     648C       48      32E       0
                text21                             4AAA     4AAA      108      32E       0
                text20                             50CE     50CE      100      32E       0
                text19                             413A     413A      216      32E       0
                text18                             69AC     69AC        2      32E       0
                text17                             5658     5658       CC      32E       0
                text16                             6444     6444       48      32E       0
                text15                             6216     6216       52      32E       0
                text14                             5724     5724       CA      32E       0
                text13                             6108     6108       5E      32E       0
                text12                             65E6     65E6       3A      32E       0
                text11                             5FE4     5FE4       62      32E       0
                text10                             1222     1222      BBC      32E       0
                text9                              54AA     54AA       D8      32E       0
                text8                              1DDE     1DDE      528      32E       0
                text7                              5F82     5F82       62      32E       0
                text6                              67FA     67FA       28      32E       0
                text5                              691C     691C       1C      32E       0
                text4                              65A6     65A6       40      32E       0
                text3                              63AC     63AC       4C      32E       0
                text2                              696E     696E       10      32E       0
                text1                              49A2     49A2      108      32E       0
                text0                              4EC6     4EC6      104      32E       0
                cstackCOMRAM                          1        1       59        1       1
                cstackBANK0                          60       60       65       60       1
                cstackBANK1                         100      100       B7      100       1
                bssBANK2                            200      200       50      200       1
                bssBANK1                            1B7      1B7       10      100       1
                bssBANK0                             C5       C5        4       60       1
                cinit                              6772     6772       30      32E       0

TOTAL           Name                               Link     Load   Length     Space
        CLASS   STACK          

        CLASS   CODE           
                intcodelo                            18       18       A2         0
                intcode                               8        8        6         0
                init                                 BA       BA        4         0
                reset_vec                             0        0        4         0
                text87                             6870     6870       26         0
                text86                             6704     6704       38         0
                text85                             630C     630C       52         0
                text84                             46F6     46F6      190         0
                text83                             5A44     5A44       C4         0
                text82                             5BBA     5BBA       B0         0
                text81                             3DA0     3DA0      39A         0
                text80                             5D16     5D16       AA         0
                text79                             4FCA     4FCA      104         0
                text78                             35DA     35DA      42A         0
                text77                             66CC     66CC       38         0
                text76                             2CEE     2CEE      4C0         0
                text75                             651C     651C       46         0
                text74                             4DC0     4DC0      106         0
                text73                             52CE     52CE       FE         0
                text72                             4350     4350      212         0
                text71                             69AE     69AE        2         0
                text70                             57EE     57EE       CA         0
                text69                             6562     6562       44         0
                text68                             635E     635E       4E         0
                text67                             597E     597E       C6         0
                text66                             6166     6166       5C         0
                text65                             6694     6694       38         0
                text64                             60A8     60A8       60         0
                text63                              65C      65C      BC6         0
                text62                             5582     5582       D6         0
                text61                             2306     2306      526         0
                text60                             6046     6046       62         0
                text59                             62BA     62BA       52         0
                text58                             5EF0     5EF0       92         0
                text57                             684A     684A       26         0
                text56                             6938     6938       1C         0
                text55                             64D4     64D4       48         0
                text54                             699E     699E        E         0
                text53                             51CE     51CE      100         0
                intcode_body                       4886     4886      11C         0
                text51                             5E58     5E58       98         0
                text50                             67CE     67CE       2C         0
                text49                             68FC     68FC       20         0
                text48                             63F8     63F8       4C         0
                text47                             698E     698E       10         0
                text46                             6268     6268       52         0
                text45                             4BB2     4BB2      108         0
                text43                             697E     697E       10         0
                text42                             6954     6954       1A         0
                text41                             5DC0     5DC0       98         0
                text40                             67A2     67A2       2C         0
                text39                             68DC     68DC       20         0
                text38                             6896     6896       24         0
                text37                             68BA     68BA       22         0
                text36                             673C     673C       36         0
                text35                             53CC     53CC       DE         0
                text34                             6822     6822       28         0
                text33                             665A     665A       3A         0
                text32                             61C2     61C2       54         0
                text31                             4562     4562      194         0
                text30                             58B8     58B8       C6         0
                text29                             5B08     5B08       B2         0
                text28                             3A04     3A04      39C         0
                text27                             5C6A     5C6A       AC         0
                text26                             4CBA     4CBA      106         0
                text25                             31AE     31AE      42C         0
                text24                             6620     6620       3A         0
                text23                             282C     282C      4C2         0
                text22                             648C     648C       48         0
                text21                             4AAA     4AAA      108         0
                text20                             50CE     50CE      100         0
                text19                             413A     413A      216         0
                text18                             69AC     69AC        2         0
                text17                             5658     5658       CC         0
                text16                             6444     6444       48         0
                text15                             6216     6216       52         0
                text14                             5724     5724       CA         0
                text13                             6108     6108       5E         0
                text12                             65E6     65E6       3A         0
                text11                             5FE4     5FE4       62         0
                text10                             1222     1222      BBC         0
                text9                              54AA     54AA       D8         0
                text8                              1DDE     1DDE      528         0
                text7                              5F82     5F82       62         0
                text6                              67FA     67FA       28         0
                text5                              691C     691C       1C         0
                text4                              65A6     65A6       40         0
                text3                              63AC     63AC       4C         0
                text2                              696E     696E       10         0
                text1                              49A2     49A2      108         0
                text0                              4EC6     4EC6      104         0
                cinit                              6772     6772       30         0

        CLASS   CONST          

        CLASS   SMALLCONST     
                smallconst                          600      600       5C         0

        CLASS   MEDIUMCONST    

        CLASS   COMRAM         
                temp                                 5A       5A        1         1
                cstackCOMRAM                          1        1       59         1

        CLASS   ABS1           

        CLASS   BIGRAM         

        CLASS   RAM            

        CLASS   BANK0          
                cstackBANK0                          60       60       65         1
                bssBANK0                             C5       C5        4         1

        CLASS   BANK1          
                cstackBANK1                         100      100       B7         1
                bssBANK1                            1B7      1B7       10         1

        CLASS   BANK2          
                bssBANK2                            200      200       50         1

        CLASS   BANK3          

        CLASS   BANK4          

        CLASS   BANK5          

        CLASS   SFR            

        CLASS   FARRAM         

        CLASS   CONFIG         
                config                           300000   300000        E         0

        CLASS   IDLOC          
                idloc                            200000   200000        8         0

        CLASS   EEDATA         



SEGMENTS        Name                           Load    Length   Top    Selector   Space  Class

                reset_vec                      000000  000004  000004         0       0  CODE    
                cstackCOMRAM                   000001  00005A  00005B         1       1  COMRAM  
                intcode                        000008  000006  00000E         4       0  CODE    
                intcodelo                      000018  0000A6  0000BE         C       0  CODE    
                cstackBANK0                    000060  000069  0000C9        60       1  BANK0   
                cstackBANK1                    000100  0000C7  0001C7       100       1  BANK1   
                bssBANK2                       000200  000050  000250       200       1  BANK2   
                smallconst                     000600  00005C  00065C       300       0  SMALLCON
                text63                         00065C  006354  0069B0       32E       0  CODE    
                idloc                          200000  000008  200008    200000       0  IDLOC   
                config                         300000  00000E  30000E    300000       0  CONFIG  


UNUSED ADDRESS RANGES

        Name                Unused          Largest block    Delta
        BANK0            0000C9-0000FF               37
        BANK1            0001C7-0001FF               39
        BANK2            000250-0002FF               B0
        BANK3            000300-0003FF              100
        BANK4            000400-0004FF              100
        BANK5            000500-0005FF              100
        BIGRAM           00005B-00005F                5
                         0000C9-0000FF               37
                         0001C7-0001FF               39
                         000250-0005FF              3B0
        CODE             000004-000007                4
                         00000E-000017                A
                         0000BE-0005FF              542
                         0069B0-007FFF             1650
        COMRAM           00005B-00005F                5
        CONST            000004-000007                4
                         00000E-000017                A
                         0000BE-0005FF              542
                         0069B0-007FFF             1650
        EEDATA           F00000-F000FF              100
        MEDIUMCONST      0069B0-007FFF             1650
        RAM              0000C9-0000FF               37
                         0001C7-0001FF               39
                         000250-0005FF              100
        SFR              000F38-000FFF               28
        SMALLCONST       0069B0-007FFF              100
        STACK            000250-0005FF              3B0

                                  Symbol Table

?___awdiv                            cstackBANK1  00011C
?___awmod                            cstackBANK1  00011C
?___fladd                            cstackBANK1  00011C
?___fldiv                            cstackBANK1  00011C
?___flmul                            cstackBANK1  00011C
?___flneg                            cstackBANK1  00011C
?___flsub                            cstackBANK1  000135
?___fltol                            cstackBANK1  00011C
?___fpclassifyf                      cstackBANK1  00011C
?___wmul                             cstackBANK1  00011C
?_atoi                               cstackBANK1  000123
?_efgtoa                             cstackBANK1  000149
?_floorf                             cstackBANK1  000135
?_isdigit                            cstackBANK1  00011C
?_isspace                            cstackBANK1  00011C
?_isupper                            cstackBANK1  00011C
?_pad                                cstackBANK1  00012C
?_printf                             cstackBANK1  0001AD
?_sprintf                            cstackBANK0  000098
?_strlen                             cstackBANK1  00011C
?_strncmp                            cstackBANK1  00011C
?_tolower                            cstackBANK1  000122
?_vfpfcnvrt                          cstackBANK1  00018D
?_vfprintf                           cstackBANK1  0001A5
?i1_strlen                           cstackBANK1  000100
?i2___awdiv                          cstackCOMRAM 000001
?i2___awmod                          cstackCOMRAM 000001
?i2___fladd                          cstackCOMRAM 000001
?i2___fldiv                          cstackCOMRAM 000001
?i2___flmul                          cstackCOMRAM 000001
?i2___flneg                          cstackCOMRAM 000001
?i2___flsub                          cstackCOMRAM 00001A
?i2___fltol                          cstackCOMRAM 000001
?i2___fpclassifyf                    cstackCOMRAM 000001
?i2___wmul                           cstackCOMRAM 000001
?i2_atoi                             cstackCOMRAM 000008
?i2_efgtoa                           cstackCOMRAM 00002E
?i2_floorf                           cstackCOMRAM 00001A
?i2_isdigit                          cstackCOMRAM 000001
?i2_isspace                          cstackCOMRAM 000001
?i2_isupper                          cstackCOMRAM 000001
?i2_pad                              cstackCOMRAM 000011
?i2_strlen                           cstackCOMRAM 000001
?i2_strncmp                          cstackCOMRAM 000001
?i2_tolower                          cstackCOMRAM 000007
?i2_vfpfcnvrt                        cstackCOMRAM 00003A
?i2_vfprintf                         cstackCOMRAM 000052
_ANSELA                              (abs)        000F38
_ANSELB                              (abs)        000F39
_ANSELE                              (abs)        000F3C
_INTCON2bits                         (abs)        000FF1
_INTCON3bits                         (abs)        000FF0
_INTCONbits                          (abs)        000FF2
_LATA                                (abs)        000F89
_LATAbits                            (abs)        000F89
_LATE                                (abs)        000F8D
_LATEbits                            (abs)        000F8D
_OSCCON                              (abs)        000FD3
_OSCCON2                             (abs)        000FD2
_OSCCONbits                          (abs)        000FD3
_OSCTUNE                             (abs)        000F9B
_PORTB                               (abs)        000F81
_PORTBbits                           (abs)        000F81
_RCONbits                            (abs)        000FD0
_T0CONbits                           (abs)        000FD5
_TMR0H                               (abs)        000FD7
_TMR0L                               (abs)        000FD6
_TRISA                               (abs)        000F92
_TRISBbits                           (abs)        000F93
_TRISE                               (abs)        000F96
__CFG_BOREN$SBORDIS                  (abs)        000000
__CFG_BORV$190                       (abs)        000000
__CFG_CCP2MX$PORTC1                  (abs)        000000
__CFG_CCP3MX$PORTB5                  (abs)        000000
__CFG_CP0$OFF                        (abs)        000000
__CFG_CP1$OFF                        (abs)        000000
__CFG_CP2$OFF                        (abs)        000000
__CFG_CP3$OFF                        (abs)        000000
__CFG_CPB$OFF                        (abs)        000000
__CFG_CPD$OFF                        (abs)        000000
__CFG_EBTR0$OFF                      (abs)        000000
__CFG_EBTR1$OFF                      (abs)        000000
__CFG_EBTR2$OFF                      (abs)        000000
__CFG_EBTR3$OFF                      (abs)        000000
__CFG_EBTRB$OFF                      (abs)        000000
__CFG_FCMEN$OFF                      (abs)        000000
__CFG_FOSC$INTIO67                   (abs)        000000
__CFG_HFOFST$ON                      (abs)        000000
__CFG_IESO$OFF                       (abs)        000000
__CFG_LVP$ON                         (abs)        000000
__CFG_MCLRE$EXTMCLR                  (abs)        000000
__CFG_P2BMX$PORTD2                   (abs)        000000
__CFG_PBADEN$ON                      (abs)        000000
__CFG_PLLCFG$OFF                     (abs)        000000
__CFG_PRICLKEN$ON                    (abs)        000000
__CFG_PWRTEN$OFF                     (abs)        000000
__CFG_STVREN$ON                      (abs)        000000
__CFG_T3CMX$PORTC0                   (abs)        000000
__CFG_WDTEN$ON                       (abs)        000000
__CFG_WDTPS$32768                    (abs)        000000
__CFG_WRT0$OFF                       (abs)        000000
__CFG_WRT1$OFF                       (abs)        000000
__CFG_WRT2$OFF                       (abs)        000000
__CFG_WRT3$OFF                       (abs)        000000
__CFG_WRTB$OFF                       (abs)        000000
__CFG_WRTC$OFF                       (abs)        000000
__CFG_WRTD$OFF                       (abs)        000000
__CFG_XINST$OFF                      (abs)        000000
__HRAM                               (abs)        000000
__Habs1                              abs1         000000
__Hbank0                             bank0        000000
__Hbank1                             bank1        000000
__Hbank2                             bank2        000000
__Hbank3                             bank3        000000
__Hbank4                             bank4        000000
__Hbank5                             bank5        000000
__Hbigbss                            bigbss       000000
__Hbigdata                           bigdata      000000
__Hbigram                            bigram       000000
__Hbss                               bss          000000
__HbssBANK0                          bssBANK0     000000
__HbssBANK1                          bssBANK1     000000
__HbssBANK2                          bssBANK2     000000
__Hcinit                             cinit        000000
__Hclrtext                           clrtext      000000
__Hcomram                            comram       000000
__Hconfig                            config       30000E
__Hconst                             const        000000
__HcstackBANK0                       cstackBANK0  000000
__HcstackBANK1                       cstackBANK1  000000
__HcstackCOMRAM                      cstackCOMRAM 000000
__Hdata                              data         000000
__Heeprom_data                       eeprom_data  000000
__Hfarbss                            farbss       000000
__Hfardata                           fardata      000000
__Hibigdata                          ibigdata     000000
__Hidata                             idata        000000
__Hidloc                             idloc        200008
__Hifardata                          ifardata     000000
__Hinit                              init         0000BE
__Hintcode                           intcode      00000E
__Hintcode_body                      intcode_body 000000
__Hintcodelo                         intcodelo    0000BA
__Hintentry                          intentry     000000
__Hintret                            intret       000000
__Hintsave_regs                      intsave_regs 000000
__Hirdata                            irdata       000000
__Hmediumconst                       mediumconst  000000
__HnvFARRAM                          nvFARRAM     000000
__Hnvbit                             nvbit        000000
__Hnvrram                            nvrram       000000
__Hparam                             rparam       000000
__Hpowerup                           powerup      0000BA
__Hram                               ram          000000
__Hramtop                            ramtop       000600
__Hrbit                              rbit         000000
__Hrbss                              rbss         000000
__Hrdata                             rdata        000000
__Hreset_vec                         reset_vec    000004
__Hrparam                            rparam       000000
__Hsfr                               sfr          000000
__Hsmallconst                        smallconst   00065C
__Hspace_0                           (abs)        30000E
__Hspace_1                           (abs)        000250
__Hspace_2                           (abs)        000000
__Hstack                             stack        000000
__Hstruct                            struct       000000
__Htemp                              temp         00005B
__Htext                              text         000000
__Htext0                             text0        000000
__Htext1                             text1        000000
__Htext10                            text10       000000
__Htext11                            text11       000000
__Htext12                            text12       000000
__Htext13                            text13       000000
__Htext14                            text14       000000
__Htext15                            text15       000000
__Htext16                            text16       000000
__Htext17                            text17       000000
__Htext18                            text18       000000
__Htext19                            text19       000000
__Htext2                             text2        000000
__Htext20                            text20       000000
__Htext21                            text21       000000
__Htext22                            text22       000000
__Htext23                            text23       000000
__Htext24                            text24       000000
__Htext25                            text25       000000
__Htext26                            text26       000000
__Htext27                            text27       000000
__Htext28                            text28       000000
__Htext29                            text29       000000
__Htext3                             text3        000000
__Htext30                            text30       000000
__Htext31                            text31       000000
__Htext32                            text32       000000
__Htext33                            text33       000000
__Htext34                            text34       000000
__Htext35                            text35       000000
__Htext36                            text36       000000
__Htext37                            text37       000000
__Htext38                            text38       000000
__Htext39                            text39       000000
__Htext4                             text4        000000
__Htext40                            text40       000000
__Htext41                            text41       000000
__Htext42                            text42       000000
__Htext43                            text43       000000
__Htext45                            text45       000000
__Htext46                            text46       000000
__Htext47                            text47       000000
__Htext48                            text48       000000
__Htext49                            text49       000000
__Htext5                             text5        000000
__Htext50                            text50       000000
__Htext51                            text51       000000
__Htext53                            text53       000000
__Htext54                            text54       000000
__Htext55                            text55       000000
__Htext56                            text56       000000
__Htext57                            text57       000000
__Htext58                            text58       000000
__Htext59                            text59       000000
__Htext6                             text6        000000
__Htext60                            text60       000000
__Htext61                            text61       000000
__Htext62                            text62       000000
__Htext63                            text63       000000
__Htext64                            text64       000000
__Htext65                            text65       000000
__Htext66                            text66       000000
__Htext67                            text67       000000
__Htext68                            text68       000000
__Htext69                            text69       000000
__Htext7                             text7        000000
__Htext70                            text70       000000
__Htext71                            text71       000000
__Htext72                            text72       000000
__Htext73                            text73       000000
__Htext74                            text74       000000
__Htext75                            text75       000000
__Htext76                            text76       000000
__Htext77                            text77       000000
__Htext78                            text78       000000
__Htext79                            text79       000000
__Htext8                             text8        000000
__Htext80                            text80       000000
__Htext81                            text81       000000
__Htext82                            text82       000000
__Htext83                            text83       000000
__Htext84                            text84       000000
__Htext85                            text85       000000
__Htext86                            text86       000000
__Htext87                            text87       000000
__Htext9                             text9        000000
__LRAM                               (abs)        000001
__Labs1                              abs1         000000
__Lbank0                             bank0        000000
__Lbank1                             bank1        000000
__Lbank2                             bank2        000000
__Lbank3                             bank3        000000
__Lbank4                             bank4        000000
__Lbank5                             bank5        000000
__Lbigbss                            bigbss       000000
__Lbigdata                           bigdata      000000
__Lbigram                            bigram       000000
__Lbss                               bss          000000
__LbssBANK0                          bssBANK0     000000
__LbssBANK1                          bssBANK1     000000
__LbssBANK2                          bssBANK2     000000
__Lcinit                             cinit        000000
__Lclrtext                           clrtext      000000
__Lcomram                            comram       000000
__Lconfig                            config       300000
__Lconst                             const        000000
__LcstackBANK0                       cstackBANK0  000000
__LcstackBANK1                       cstackBANK1  000000
__LcstackCOMRAM                      cstackCOMRAM 000000
__Ldata                              data         000000
__Leeprom_data                       eeprom_data  000000
__Lfarbss                            farbss       000000
__Lfardata                           fardata      000000
__Libigdata                          ibigdata     000000
__Lidata                             idata        000000
__Lidloc                             idloc        200000
__Lifardata                          ifardata     000000
__Linit                              init         0000BA
__Lintcode                           intcode      000008
__Lintcode_body                      intcode_body 000000
__Lintcodelo                         intcodelo    000018
__Lintentry                          intentry     000000
__Lintret                            intret       000000
__Lintsave_regs                      intsave_regs 000000
__Lirdata                            irdata       000000
__Lmediumconst                       mediumconst  000000
__LnvFARRAM                          nvFARRAM     000000
__Lnvbit                             nvbit        000000
__Lnvrram                            nvrram       000000
__Lparam                             rparam       000000
__Lpowerup                           powerup      0000BA
__Lram                               ram          000000
__Lramtop                            ramtop       000600
__Lrbit                              rbit         000000
__Lrbss                              rbss         000000
__Lrdata                             rdata        000000
__Lreset_vec                         reset_vec    000000
__Lrparam                            rparam       000000
__Lsfr                               sfr          000000
__Lsmallconst                        smallconst   000600
__Lspace_0                           (abs)        000000
__Lspace_1                           (abs)        000000
__Lspace_2                           (abs)        000000
__Lstack                             stack        000000
__Lstruct                            struct       000000
__Ltemp                              temp         00005A
__Ltext                              text         000000
__Ltext0                             text0        000000
__Ltext1                             text1        000000
__Ltext10                            text10       000000
__Ltext11                            text11       000000
__Ltext12                            text12       000000
__Ltext13                            text13       000000
__Ltext14                            text14       000000
__Ltext15                            text15       000000
__Ltext16                            text16       000000
__Ltext17                            text17       000000
__Ltext18                            text18       000000
__Ltext19                            text19       000000
__Ltext2                             text2        000000
__Ltext20                            text20       000000
__Ltext21                            text21       000000
__Ltext22                            text22       000000
__Ltext23                            text23       000000
__Ltext24                            text24       000000
__Ltext25                            text25       000000
__Ltext26                            text26       000000
__Ltext27                            text27       000000
__Ltext28                            text28       000000
__Ltext29                            text29       000000
__Ltext3                             text3        000000
__Ltext30                            text30       000000
__Ltext31                            text31       000000
__Ltext32                            text32       000000
__Ltext33                            text33       000000
__Ltext34                            text34       000000
__Ltext35                            text35       000000
__Ltext36                            text36       000000
__Ltext37                            text37       000000
__Ltext38                            text38       000000
__Ltext39                            text39       000000
__Ltext4                             text4        000000
__Ltext40                            text40       000000
__Ltext41                            text41       000000
__Ltext42                            text42       000000
__Ltext43                            text43       000000
__Ltext45                            text45       000000
__Ltext46                            text46       000000
__Ltext47                            text47       000000
__Ltext48                            text48       000000
__Ltext49                            text49       000000
__Ltext5                             text5        000000
__Ltext50                            text50       000000
__Ltext51                            text51       000000
__Ltext53                            text53       000000
__Ltext54                            text54       000000
__Ltext55                            text55       000000
__Ltext56                            text56       000000
__Ltext57                            text57       000000
__Ltext58                            text58       000000
__Ltext59                            text59       000000
__Ltext6                             text6        000000
__Ltext60                            text60       000000
__Ltext61                            text61       000000
__Ltext62                            text62       000000
__Ltext63                            text63       000000
__Ltext64                            text64       000000
__Ltext65                            text65       000000
__Ltext66                            text66       000000
__Ltext67                            text67       000000
__Ltext68                            text68       000000
__Ltext69                            text69       000000
__Ltext7                             text7        000000
__Ltext70                            text70       000000
__Ltext71                            text71       000000
__Ltext72                            text72       000000
__Ltext73                            text73       000000
__Ltext74                            text74       000000
__Ltext75                            text75       000000
__Ltext76                            text76       000000
__Ltext77                            text77       000000
__Ltext78                            text78       000000
__Ltext79                            text79       000000
__Ltext8                             text8        000000
__Ltext80                            text80       000000
__Ltext81                            text81       000000
__Ltext82                            text82       000000
__Ltext83                            text83       000000
__Ltext84                            text84       000000
__Ltext85                            text85       000000
__Ltext86                            text86       000000
__Ltext87                            text87       000000
__Ltext9                             text9        000000
__S0                                 (abs)        30000E
__S1                                 (abs)        000250
__S2                                 (abs)        000000
___awdiv                             text30       0058B8
___awdiv@counter                     cstackBANK1  000120
___awdiv@dividend                    cstackBANK1  00011C
___awdiv@divisor                     cstackBANK1  00011E
___awdiv@quotient                    cstackBANK1  000122
___awdiv@sign                        cstackBANK1  000121
___awmod                             text29       005B08
___awmod@counter                     cstackBANK1  000120
___awmod@dividend                    cstackBANK1  00011C
___awmod@divisor                     cstackBANK1  00011E
___awmod@sign                        cstackBANK1  000121
___fladd                             text23       00282C
___fladd@a                           cstackBANK1  000120
___fladd@aexp                        cstackBANK1  000129
___fladd@b                           cstackBANK1  00011C
___fladd@bexp                        cstackBANK1  00012A
___fladd@grs                         cstackBANK1  00012B
___fladd@signs                       cstackBANK1  000128
___fldiv                             text28       003A04
___fldiv@a                           cstackBANK1  000120
___fldiv@aexp                        cstackBANK1  000134
___fldiv@b                           cstackBANK1  00011C
___fldiv@bexp                        cstackBANK1  000133
___fldiv@grs                         cstackBANK1  00012F
___fldiv@new_exp                     cstackBANK1  00012D
___fldiv@rem                         cstackBANK1  000128
___fldiv@sign                        cstackBANK1  00012C
___fleq                              text27       005C6A
___fleq@ff1                          cstackBANK1  00011C
___fleq@ff2                          cstackBANK1  000120
___flge                              text26       004CBA
___flge@ff1                          cstackBANK1  000135
___flge@ff2                          cstackBANK1  000139
___flmul                             text25       0031AE
___flmul@a                           cstackBANK1  000120
___flmul@aexp                        cstackBANK1  00012D
___flmul@b                           cstackBANK1  00011C
___flmul@bexp                        cstackBANK1  00012E
___flmul@grs                         cstackBANK1  000129
___flmul@prod                        cstackBANK1  00012F
___flmul@sign                        cstackBANK1  000128
___flmul@temp                        cstackBANK1  000133
___flneg                             text24       006620
___flneg@f1                          cstackBANK1  00011C
___flsub                             text22       00648C
___flsub@a                           cstackBANK1  000139
___flsub@b                           cstackBANK1  000135
___fltol                             text21       004AAA
___fltol@exp1                        cstackBANK1  000125
___fltol@f1                          cstackBANK1  00011C
___fltol@sign1                       cstackBANK1  000124
___fpclassifyf                       text20       0050CE
___fpclassifyf@F463                  bssBANK1     0001BB
___fpclassifyf@e                     cstackBANK1  000124
___fpclassifyf@u                     cstackBANK1  000126
___fpclassifyf@x                     cstackBANK1  00011C
___inthi_sp                          stack        000000
___intlo_sp                          stack        000000
___param_bank                        (abs)        000000
___rparam_used                       (abs)        000001
___sp                                stack        000000
___wmul                              text34       006822
___wmul@multiplicand                 cstackBANK1  00011E
___wmul@multiplier                   cstackBANK1  00011C
___wmul@product                      cstackBANK1  000120
__accesstop                          (abs)        000060
__activetblptr                       (abs)        000002
__end_of___awdiv                     text30       00597E
__end_of___awmod                     text29       005BBA
__end_of___fladd                     text23       002CEE
__end_of___fldiv                     text28       003DA0
__end_of___fleq                      text27       005D16
__end_of___flge                      text26       004DC0
__end_of___flmul                     text25       0035DA
__end_of___flneg                     text24       00665A
__end_of___flsub                     text22       0064D4
__end_of___fltol                     text21       004BB2
__end_of___fpclassifyf               text20       0051CE
__end_of___wmul                      text34       00684A
__end_of__initialization             cinit        006794
__end_of_atoi                        text31       0046F6
__end_of_efgtoa                      text10       001DDE
__end_of_floorf                      text19       004350
__end_of_fputc                       text17       005724
__end_of_fputs                       text16       00648C
__end_of_highPriorityISR             intcode_body 0049A2
__end_of_initializeButtonInterrupts  text43       00698E
__end_of_initializeHardware          text4        0065E6
__end_of_initializeTimers            text42       00696E
__end_of_isdigit                     text33       006694
__end_of_isspace                     text32       006216
__end_of_isupper                     text12       006620
__end_of_lcdClearDisplay             text39       0068FC
__end_of_lcdDisplayControl           text38       0068BA
__end_of_lcdEntryMode                text37       0068DC
__end_of_lcdFunctionSet              text36       006772
__end_of_lcdInitialize               text35       0054AA
__end_of_lcdSetCursor                text3        0063F8
__end_of_lcdWriteByte                text40       0067CE
__end_of_lcdWriteChar                text2        00697E
__end_of_lcdWriteNibble              text41       005E58
__end_of_lcdWriteString              text1        004AAA
__end_of_lowPriorityISR              intcodelo    0000BA
__end_of_main                        text0        004FCA
__end_of_pad                         text14       0057EE
__end_of_printf                      text6        006822
__end_of_putch                       text18       0069AE
__end_of_set_osc_p18f45k22_16MHz     text5        006938
__end_of_sprintf                     text59       00630C
__end_of_strcpy                      text13       006166
__end_of_strlen                      text15       006268
__end_of_strncmp                     text9        005582
__end_of_tolower                     text11       006046
__end_of_vfpfcnvrt                   text8        002306
__end_of_vfprintf                    text7        005FE4
__end_ofi1_lcdClearDisplay           text49       00691C
__end_ofi1_lcdSetCursor              text48       006444
__end_ofi1_lcdWriteByte              text50       0067FA
__end_ofi1_lcdWriteChar              text47       00699E
__end_ofi1_lcdWriteNibble            text51       005EF0
__end_ofi1_lcdWriteString            text45       004CBA
__end_ofi1_strlen                    text46       0062BA
__end_ofi2___awdiv                   text83       005B08
__end_ofi2___awmod                   text82       005C6A
__end_ofi2___fladd                   text76       0031AE
__end_ofi2___fldiv                   text81       00413A
__end_ofi2___fleq                    text80       005DC0
__end_ofi2___flge                    text79       0050CE
__end_ofi2___flmul                   text78       003A04
__end_ofi2___flneg                   text77       006704
__end_ofi2___flsub                   text75       006562
__end_ofi2___fltol                   text74       004EC6
__end_ofi2___fpclassifyf             text73       0053CC
__end_ofi2___wmul                    text87       006896
__end_ofi2_atoi                      text84       004886
__end_ofi2_efgtoa                    text63       001222
__end_ofi2_floorf                    text72       004562
__end_ofi2_fputc                     text70       0058B8
__end_ofi2_fputs                     text69       0065A6
__end_ofi2_isdigit                   text86       00673C
__end_ofi2_isspace                   text85       00635E
__end_ofi2_isupper                   text65       0066CC
__end_ofi2_lcdClearDisplay           text56       006954
__end_ofi2_lcdSetCursor              text55       00651C
__end_ofi2_lcdWriteByte              text57       006870
__end_ofi2_lcdWriteChar              text54       0069AC
__end_ofi2_lcdWriteNibble            text58       005F82
__end_ofi2_lcdWriteString            text53       0052CE
__end_ofi2_pad                       text67       005A44
__end_ofi2_putch                     text71       0069B0
__end_ofi2_strcpy                    text66       0061C2
__end_ofi2_strlen                    text68       0063AC
__end_ofi2_strncmp                   text62       005658
__end_ofi2_tolower                   text64       006108
__end_ofi2_vfpfcnvrt                 text61       00282C
__end_ofi2_vfprintf                  text60       0060A8
__initialization                     cinit        006772
__mediumconst                        mediumconst  000000
__pbssBANK0                          bssBANK0     0000C5
__pbssBANK1                          bssBANK1     0001B7
__pbssBANK2                          bssBANK2     000200
__pcinit                             cinit        006772
__pcstackBANK0                       cstackBANK0  000060
__pcstackBANK1                       cstackBANK1  000100
__pcstackCOMRAM                      cstackCOMRAM 000001
__pintcode                           intcode      000008
__pintcode_body                      intcode_body 004886
__pintcodelo                         intcodelo    000018
__psmallconst                        smallconst   000600
__ptext0                             text0        004EC6
__ptext1                             text1        0049A2
__ptext10                            text10       001222
__ptext11                            text11       005FE4
__ptext12                            text12       0065E6
__ptext13                            text13       006108
__ptext14                            text14       005724
__ptext15                            text15       006216
__ptext16                            text16       006444
__ptext17                            text17       005658
__ptext18                            text18       0069AC
__ptext19                            text19       00413A
__ptext2                             text2        00696E
__ptext20                            text20       0050CE
__ptext21                            text21       004AAA
__ptext22                            text22       00648C
__ptext23                            text23       00282C
__ptext24                            text24       006620
__ptext25                            text25       0031AE
__ptext26                            text26       004CBA
__ptext27                            text27       005C6A
__ptext28                            text28       003A04
__ptext29                            text29       005B08
__ptext3                             text3        0063AC
__ptext30                            text30       0058B8
__ptext31                            text31       004562
__ptext32                            text32       0061C2
__ptext33                            text33       00665A
__ptext34                            text34       006822
__ptext35                            text35       0053CC
__ptext36                            text36       00673C
__ptext37                            text37       0068BA
__ptext38                            text38       006896
__ptext39                            text39       0068DC
__ptext4                             text4        0065A6
__ptext40                            text40       0067A2
__ptext41                            text41       005DC0
__ptext42                            text42       006954
__ptext43                            text43       00697E
__ptext45                            text45       004BB2
__ptext46                            text46       006268
__ptext47                            text47       00698E
__ptext48                            text48       0063F8
__ptext49                            text49       0068FC
__ptext5                             text5        00691C
__ptext50                            text50       0067CE
__ptext51                            text51       005E58
__ptext53                            text53       0051CE
__ptext54                            text54       00699E
__ptext55                            text55       0064D4
__ptext56                            text56       006938
__ptext57                            text57       00684A
__ptext58                            text58       005EF0
__ptext59                            text59       0062BA
__ptext6                             text6        0067FA
__ptext60                            text60       006046
__ptext61                            text61       002306
__ptext62                            text62       005582
__ptext63                            text63       00065C
__ptext64                            text64       0060A8
__ptext65                            text65       006694
__ptext66                            text66       006166
__ptext67                            text67       00597E
__ptext68                            text68       00635E
__ptext69                            text69       006562
__ptext7                             text7        005F82
__ptext70                            text70       0057EE
__ptext71                            text71       0069AE
__ptext72                            text72       004350
__ptext73                            text73       0052CE
__ptext74                            text74       004DC0
__ptext75                            text75       00651C
__ptext76                            text76       002CEE
__ptext77                            text77       0066CC
__ptext78                            text78       0035DA
__ptext79                            text79       004FCA
__ptext8                             text8        001DDE
__ptext80                            text80       005D16
__ptext81                            text81       003DA0
__ptext82                            text82       005BBA
__ptext83                            text83       005A44
__ptext84                            text84       0046F6
__ptext85                            text85       00630C
__ptext86                            text86       006704
__ptext87                            text87       006870
__ptext9                             text9        0054AA
__ramtop                             ramtop       000600
__size_of___awdiv                    (abs)        000000
__size_of___awmod                    (abs)        000000
__size_of___fladd                    (abs)        000000
__size_of___fldiv                    (abs)        000000
__size_of___fleq                     (abs)        000000
__size_of___flge                     (abs)        000000
__size_of___flmul                    (abs)        000000
__size_of___flneg                    (abs)        000000
__size_of___flsub                    (abs)        000000
__size_of___fltol                    (abs)        000000
__size_of___fpclassifyf              (abs)        000000
__size_of___wmul                     (abs)        000000
__size_of_atoi                       (abs)        000000
__size_of_efgtoa                     (abs)        000000
__size_of_floorf                     (abs)        000000
__size_of_fputc                      (abs)        000000
__size_of_fputs                      (abs)        000000
__size_of_highPriorityISR            (abs)        000000
__size_of_initializeButtonInterrupts (abs)        000000
__size_of_initializeHardware         (abs)        000000
__size_of_initializeTimers           (abs)        000000
__size_of_isdigit                    (abs)        000000
__size_of_isspace                    (abs)        000000
__size_of_isupper                    (abs)        000000
__size_of_lcdClearDisplay            (abs)        000000
__size_of_lcdDisplayControl          (abs)        000000
__size_of_lcdEntryMode               (abs)        000000
__size_of_lcdFunctionSet             (abs)        000000
__size_of_lcdInitialize              (abs)        000000
__size_of_lcdSetCursor               (abs)        000000
__size_of_lcdWriteByte               (abs)        000000
__size_of_lcdWriteChar               (abs)        000000
__size_of_lcdWriteNibble             (abs)        000000
__size_of_lcdWriteString             (abs)        000000
__size_of_lowPriorityISR             (abs)        000000
__size_of_main                       (abs)        000000
__size_of_pad                        (abs)        000000
__size_of_printf                     (abs)        000000
__size_of_putch                      (abs)        000000
__size_of_set_osc_p18f45k22_16MHz    (abs)        000000
__size_of_sprintf                    (abs)        000000
__size_of_strcpy                     (abs)        000000
__size_of_strlen                     (abs)        000000
__size_of_strncmp                    (abs)        000000
__size_of_tolower                    (abs)        000000
__size_of_vfpfcnvrt                  (abs)        000000
__size_of_vfprintf                   (abs)        000000
__size_ofi1_lcdClearDisplay          (abs)        000000
__size_ofi1_lcdSetCursor             (abs)        000000
__size_ofi1_lcdWriteByte             (abs)        000000
__size_ofi1_lcdWriteChar             (abs)        000000
__size_ofi1_lcdWriteNibble           (abs)        000000
__size_ofi1_lcdWriteString           (abs)        000000
__size_ofi1_strlen                   (abs)        000000
__size_ofi2___awdiv                  (abs)        000000
__size_ofi2___awmod                  (abs)        000000
__size_ofi2___fladd                  (abs)        000000
__size_ofi2___fldiv                  (abs)        000000
__size_ofi2___fleq                   (abs)        000000
__size_ofi2___flge                   (abs)        000000
__size_ofi2___flmul                  (abs)        000000
__size_ofi2___flneg                  (abs)        000000
__size_ofi2___flsub                  (abs)        000000
__size_ofi2___fltol                  (abs)        000000
__size_ofi2___fpclassifyf            (abs)        000000
__size_ofi2___wmul                   (abs)        000000
__size_ofi2_atoi                     (abs)        000000
__size_ofi2_efgtoa                   (abs)        000000
__size_ofi2_floorf                   (abs)        000000
__size_ofi2_fputc                    (abs)        000000
__size_ofi2_fputs                    (abs)        000000
__size_ofi2_isdigit                  (abs)        000000
__size_ofi2_isspace                  (abs)        000000
__size_ofi2_isupper                  (abs)        000000
__size_ofi2_lcdClearDisplay          (abs)        000000
__size_ofi2_lcdSetCursor             (abs)        000000
__size_ofi2_lcdWriteByte             (abs)        000000
__size_ofi2_lcdWriteChar             (abs)        000000
__size_ofi2_lcdWriteNibble           (abs)        000000
__size_ofi2_lcdWriteString           (abs)        000000
__size_ofi2_pad                      (abs)        000000
__size_ofi2_putch                    (abs)        000000
__size_ofi2_strcpy                   (abs)        000000
__size_ofi2_strlen                   (abs)        000000
__size_ofi2_strncmp                  (abs)        000000
__size_ofi2_tolower                  (abs)        000000
__size_ofi2_vfpfcnvrt                (abs)        000000
__size_ofi2_vfprintf                 (abs)        000000
__smallconst                         smallconst   000600
_atoi                                text31       004562
_atoi$1399                           cstackBANK1  00012B
_atoi$1400                           cstackBANK1  00012F
_atoi$1401                           cstackBANK1  00012D
_dbuf                                bssBANK2     000200
_efgtoa                              text10       001222
_efgtoa$898                          cstackBANK1  000159
_efgtoa$899                          cstackBANK1  00015B
_efgtoa$904                          cstackBANK1  00015D
_efgtoa$908                          cstackBANK1  00015F
_efgtoa$909                          cstackBANK1  000161
_efgtoa$910                          cstackBANK1  000163
_flags                               bssBANK1     0001C5
_floorf                              text19       00413A
_fputc                               text17       005658
_fputs                               text16       006444
_highPriorityISR                     intcode      000008
_initializeButtonInterrupts          text43       00697E
_initializeHardware                  text4        0065A6
_initializeTimers                    text42       006954
_isdigit                             text33       00665A
_isspace                             text32       0061C2
_isspace$1430                        cstackBANK1  000122
_isupper                             text12       0065E6
_lcdClearDisplay                     text39       0068DC
_lcdDisplayControl                   text38       006896
_lcdEntryMode                        text37       0068BA
_lcdFunctionSet                      text36       00673C
_lcdInitialize                       text35       0053CC
_lcdSetCursor                        text3        0063AC
_lcdWriteByte                        text40       0067A2
_lcdWriteChar                        text2        00696E
_lcdWriteNibble                      text41       005DC0
_lcdWriteString                      text1        0049A2
_lowPriorityISR                      intcodelo    000018
_main                                text0        004EC6
_nout                                bssBANK1     0001BF
_pad                                 text14       005724
_prec                                bssBANK1     0001C3
_printf                              text6        0067FA
_putch                               text18       0069AC
_set_osc_p18f45k22_16MHz             text5        00691C
_sprintf                             text59       0062BA
_strcpy                              text13       006108
_strlen                              text15       006216
_strncmp                             text9        0054AA
_timeElapsed                         bssBANK0     0000C5
_tolower                             text11       005FE4
_tolower$1526                        cstackBANK1  000128
_vfpfcnvrt                           text8        001DDE
_vfpfcnvrt$924                       cstackBANK1  000199
_vfpfcnvrt$928                       cstackBANK1  00019B
_vfprintf                            text7        005F82
_width                               bssBANK1     0001C1
atoi@n                               cstackBANK1  000130
atoi@neg                             cstackBANK1  000129
atoi@s                               cstackBANK1  000123
btemp                                temp         00005A
efgtoa@c                             cstackBANK1  00014F
efgtoa@d                             cstackBANK1  00016D
efgtoa@e                             cstackBANK1  000185
efgtoa@f                             cstackBANK1  00014B
efgtoa@fp                            cstackBANK1  000149
efgtoa@g                             cstackBANK1  000181
efgtoa@h                             cstackBANK1  000177
efgtoa@i                             cstackBANK1  00017F
efgtoa@l                             cstackBANK1  00017B
efgtoa@m                             cstackBANK1  000169
efgtoa@mode                          cstackBANK1  000176
efgtoa@n                             cstackBANK1  000187
efgtoa@ne                            cstackBANK1  00016B
efgtoa@nmode                         cstackBANK1  000173
efgtoa@ou                            cstackBANK1  000155
efgtoa@p                             cstackBANK1  000171
efgtoa@pp                            cstackBANK1  000167
efgtoa@sign                          cstackBANK1  00016F
efgtoa@t                             cstackBANK1  000165
efgtoa@u                             cstackBANK1  000189
efgtoa@w                             cstackBANK1  000174
end_of_initialization                cinit        006794
floorf@F524                          bssBANK1     0001B7
floorf@e                             cstackBANK1  000143
floorf@m                             cstackBANK1  00013F
floorf@u                             cstackBANK1  000145
floorf@x                             cstackBANK1  000135
fputc@c                              cstackBANK1  00011C
fputc@fp                             cstackBANK1  00011E
fputs@c                              cstackBANK1  000129
fputs@fp                             cstackBANK1  000127
fputs@i                              cstackBANK1  00012A
fputs@s                              cstackBANK1  000125
highPriorityISR@buffer               cstackBANK0  0000B4
i1_lcdClearDisplay                   text49       0068FC
i1_lcdSetCursor                      text48       0063F8
i1_lcdWriteByte                      text50       0067CE
i1_lcdWriteChar                      text47       00698E
i1_lcdWriteNibble                    text51       005E58
i1_lcdWriteString                    text45       004BB2
i1_strlen                            text46       006268
i1lcdSetCursor@col                   cstackBANK1  000107
i1lcdSetCursor@row                   cstackBANK1  000108
i1lcdWriteByte@byte                  cstackBANK1  000103
i1lcdWriteByte@lowerNibble           cstackBANK1  000105
i1lcdWriteByte@regType               cstackBANK1  000106
i1lcdWriteByte@upperNibble           cstackBANK1  000104
i1lcdWriteChar@data                  cstackBANK1  000107
i1lcdWriteNibble@nibble              cstackBANK1  000100
i1lcdWriteNibble@regType             cstackBANK1  000102
i1lcdWriteString@data                cstackBANK1  000109
i1lcdWriteString@i                   cstackBANK1  000111
i1lcdWriteString@i_780               cstackBANK1  00010F
i1lcdWriteString@stringLength        cstackBANK1  00010D
i1strlen@a                           cstackBANK1  000102
i1strlen@s                           cstackBANK1  000100
i2___awdiv                           text83       005A44
i2___awdiv@counter                   cstackCOMRAM 000005
i2___awdiv@dividend                  cstackCOMRAM 000001
i2___awdiv@divisor                   cstackCOMRAM 000003
i2___awdiv@quotient                  cstackCOMRAM 000007
i2___awdiv@sign                      cstackCOMRAM 000006
i2___awmod                           text82       005BBA
i2___awmod@counter                   cstackCOMRAM 000005
i2___awmod@dividend                  cstackCOMRAM 000001
i2___awmod@divisor                   cstackCOMRAM 000003
i2___awmod@sign                      cstackCOMRAM 000006
i2___fladd                           text76       002CEE
i2___fladd@a                         cstackCOMRAM 000005
i2___fladd@aexp                      cstackCOMRAM 00000E
i2___fladd@b                         cstackCOMRAM 000001
i2___fladd@bexp                      cstackCOMRAM 00000F
i2___fladd@grs                       cstackCOMRAM 000010
i2___fladd@signs                     cstackCOMRAM 00000D
i2___fldiv                           text81       003DA0
i2___fldiv@a                         cstackCOMRAM 000005
i2___fldiv@aexp                      cstackCOMRAM 000019
i2___fldiv@b                         cstackCOMRAM 000001
i2___fldiv@bexp                      cstackCOMRAM 000018
i2___fldiv@grs                       cstackCOMRAM 000014
i2___fldiv@new_exp                   cstackCOMRAM 000012
i2___fldiv@rem                       cstackCOMRAM 00000D
i2___fldiv@sign                      cstackCOMRAM 000011
i2___fleq                            text80       005D16
i2___fleq@ff1                        cstackCOMRAM 000001
i2___fleq@ff2                        cstackCOMRAM 000005
i2___flge                            text79       004FCA
i2___flge@ff1                        cstackCOMRAM 00001A
i2___flge@ff2                        cstackCOMRAM 00001E
i2___flmul                           text78       0035DA
i2___flmul@a                         cstackCOMRAM 000005
i2___flmul@aexp                      cstackCOMRAM 000012
i2___flmul@b                         cstackCOMRAM 000001
i2___flmul@bexp                      cstackCOMRAM 000013
i2___flmul@grs                       cstackCOMRAM 00000E
i2___flmul@prod                      cstackCOMRAM 000014
i2___flmul@sign                      cstackCOMRAM 00000D
i2___flmul@temp                      cstackCOMRAM 000018
i2___flneg                           text77       0066CC
i2___flneg@f1                        cstackCOMRAM 000001
i2___flsub                           text75       00651C
i2___flsub@a                         cstackCOMRAM 00001E
i2___flsub@b                         cstackCOMRAM 00001A
i2___fltol                           text74       004DC0
i2___fltol@exp1                      cstackCOMRAM 00000A
i2___fltol@f1                        cstackCOMRAM 000001
i2___fltol@sign1                     cstackCOMRAM 000009
i2___fpclassifyf                     text73       0052CE
i2___fpclassifyf@e                   cstackCOMRAM 000009
i2___fpclassifyf@u                   cstackCOMRAM 00000B
i2___fpclassifyf@x                   cstackCOMRAM 000001
i2___wmul                            text87       006870
i2___wmul@multiplicand               cstackCOMRAM 000003
i2___wmul@multiplier                 cstackCOMRAM 000001
i2___wmul@product                    cstackCOMRAM 000005
i2_atoi                              text84       0046F6
i2_atoi$1399                         cstackCOMRAM 000010
i2_atoi$1400                         cstackCOMRAM 000014
i2_atoi$1401                         cstackCOMRAM 000012
i2_efgtoa                            text63       00065C
i2_efgtoa$898                        cstackBANK0  000064
i2_efgtoa$899                        cstackBANK0  000066
i2_efgtoa$904                        cstackBANK0  000068
i2_efgtoa$908                        cstackBANK0  00006A
i2_efgtoa$909                        cstackBANK0  00006C
i2_efgtoa$910                        cstackBANK0  00006E
i2_floorf                            text72       004350
i2_fputc                             text70       0057EE
i2_fputs                             text69       006562
i2_isdigit                           text86       006704
i2_isspace                           text85       00630C
i2_isspace$1430                      cstackCOMRAM 000007
i2_isupper                           text65       006694
i2_lcdClearDisplay                   text56       006938
i2_lcdSetCursor                      text55       0064D4
i2_lcdWriteByte                      text57       00684A
i2_lcdWriteChar                      text54       00699E
i2_lcdWriteNibble                    text58       005EF0
i2_lcdWriteString                    text53       0051CE
i2_pad                               text67       00597E
i2_putch                             text71       0069AE
i2_strcpy                            text66       006166
i2_strlen                            text68       00635E
i2_strncmp                           text62       005582
i2_tolower                           text64       0060A8
i2_tolower$1526                      cstackCOMRAM 00000D
i2_vfpfcnvrt                         text61       002306
i2_vfpfcnvrt$924                     cstackCOMRAM 000046
i2_vfpfcnvrt$928                     cstackCOMRAM 000048
i2_vfprintf                          text60       006046
i2atoi@n                             cstackCOMRAM 000015
i2atoi@neg                           cstackCOMRAM 00000E
i2atoi@s                             cstackCOMRAM 000008
i2efgtoa@c                           cstackCOMRAM 000034
i2efgtoa@d                           cstackBANK0  000078
i2efgtoa@e                           cstackBANK0  000090
i2efgtoa@f                           cstackCOMRAM 000030
i2efgtoa@fp                          cstackCOMRAM 00002E
i2efgtoa@g                           cstackBANK0  00008C
i2efgtoa@h                           cstackBANK0  000082
i2efgtoa@i                           cstackBANK0  00008A
i2efgtoa@l                           cstackBANK0  000086
i2efgtoa@m                           cstackBANK0  000074
i2efgtoa@mode                        cstackBANK0  000081
i2efgtoa@n                           cstackBANK0  000092
i2efgtoa@ne                          cstackBANK0  000076
i2efgtoa@nmode                       cstackBANK0  00007E
i2efgtoa@ou                          cstackBANK0  000060
i2efgtoa@p                           cstackBANK0  00007C
i2efgtoa@pp                          cstackBANK0  000072
i2efgtoa@sign                        cstackBANK0  00007A
i2efgtoa@t                           cstackBANK0  000070
i2efgtoa@u                           cstackBANK0  000094
i2efgtoa@w                           cstackBANK0  00007F
i2floorf@e                           cstackCOMRAM 000028
i2floorf@m                           cstackCOMRAM 000024
i2floorf@u                           cstackCOMRAM 00002A
i2floorf@x                           cstackCOMRAM 00001A
i2fputc@c                            cstackCOMRAM 000001
i2fputc@fp                           cstackCOMRAM 000003
i2fputs@c                            cstackCOMRAM 00000E
i2fputs@fp                           cstackCOMRAM 00000C
i2fputs@i                            cstackCOMRAM 00000F
i2fputs@s                            cstackCOMRAM 00000A
i2isdigit@c                          cstackCOMRAM 000001
i2isspace@c                          cstackCOMRAM 000001
i2isupper@c                          cstackCOMRAM 000001
i2lcdSetCursor@col                   cstackCOMRAM 000008
[...]
                  4    0[COMRAM] unsigned char 
 Registers used:
		wreg, status,2, status,0, prodl, prodh
 Tracked objects:
		On entry : 
		On exit  : 
		Unchanged: 
 Data sizes:     COMRAM   BANK0   BANK1   BANK2   BANK3   BANK4   BANK5
      Params:         8       0       0       0       0       0       0
      Locals:        13       0       0       0       0       0       0
      Temps:          4       0       0       0       0       0       0
      Totals:        25       0       0       0       0       0       0
Total ram usage:       25 bytes
 Hardware stack levels used:    1
 This function calls:
		Nothing
 This function is called by:
		i2_efgtoa
 This function uses a non-reentrant model


 *************** function i2___flge *****************
 Defined at:
		line 4 in file "C:\Program Files (x86)\Microchip\xc8\v2.10\pic\sources\c99\common\flge.c"
 Parameters:    Size  Location     Type
  ff1             4   25[COMRAM] unsigned char 
  ff2             4   29[COMRAM] unsigned char 
 Auto vars:     Size  Location     Type
		None
 Return value:  Size  Location     Type
		None               void
 Registers used:
		wreg, status,2, status,0
 Tracked objects:
		On entry : 
		On exit  : 
		Unchanged: 
 Data sizes:     COMRAM   BANK0   BANK1   BANK2   BANK3   BANK4   BANK5
      Params:         8       0       0       0       0       0       0
      Locals:         0       0       0       0       0       0       0
      Temps:          4       0       0       0       0       0       0
      Totals:        12       0       0       0       0       0       0
Total ram usage:       12 bytes
 Hardware stack levels used:    1
 This function calls:
		Nothing
 This function is called by:
		i2_efgtoa
 This function uses a non-reentrant model


 *************** function i2___fleq *****************
 Defined at:
		line 4 in file "C:\Program Files (x86)\Microchip\xc8\v2.10\pic\sources\c99\common\fleq.c"
 Parameters:    Size  Location     Type
  ff1             4    0[COMRAM] unsigned char 
  ff2             4    4[COMRAM] unsigned char 
 Auto vars:     Size  Location     Type
		None
 Return value:  Size  Location     Type
		None               void
 Registers used:
		wreg, status,2, status,0
 Tracked objects:
		On entry : 
		On exit  : 
		Unchanged: 
 Data sizes:     COMRAM   BANK0   BANK1   BANK2   BANK3   BANK4   BANK5
      Params:         8       0       0       0       0       0       0
      Locals:         0       0       0       0       0       0       0
      Temps:          4       0       0       0       0       0       0
      Totals:        12       0       0       0       0       0       0
Total ram usage:       12 bytes
 Hardware stack levels used:    1
 This function calls:
		Nothing
 This function is called by:
		i2_efgtoa
 This function uses a non-reentrant model


 *************** function i2___fldiv *****************
 Defined at:
		line 11 in file "C:\Program Files (x86)\Microchip\xc8\v2.10\pic\sources\c99\common\sprcdiv.c"
 Parameters:    Size  Location     Type
  b               4    0[COMRAM] unsigned char 
  a               4    4[COMRAM] unsigned char 
 Auto vars:     Size  Location     Type
  __fldiv         4   19[COMRAM] unsigned long 
  __fldiv         4   12[COMRAM] unsigned long 
  __fldiv         2   17[COMRAM] short 
  __fldiv         1   24[COMRAM] unsigned char 
  __fldiv         1   23[COMRAM] unsigned char 
  __fldiv         1   16[COMRAM] unsigned char 
 Return value:  Size  Location     Type
                  4    0[COMRAM] unsigned char 
 Registers used:
		wreg, status,2, status,0
 Tracked objects:
		On entry : 
		On exit  : 
		Unchanged: 
 Data sizes:     COMRAM   BANK0   BANK1   BANK2   BANK3   BANK4   BANK5
      Params:         8       0       0       0       0       0       0
      Locals:        13       0       0       0       0       0       0
      Temps:          4       0       0       0       0       0       0
      Totals:        25       0       0       0       0       0       0
Total ram usage:       25 bytes
 Hardware stack levels used:    1
 This function calls:
		Nothing
 This function is called by:
		i2_efgtoa
 This function uses a non-reentrant model


 *************** function i2___awmod *****************
 Defined at:
		line 7 in file "C:\Program Files (x86)\Microchip\xc8\v2.10\pic\sources\c99\common\awmod.c"
 Parameters:    Size  Location     Type
  dividend        2    0[COMRAM] int 
  divisor         2    2[COMRAM] int 
 Auto vars:     Size  Location     Type
  __awmod         1    5[COMRAM] unsigned char 
  __awmod         1    4[COMRAM] unsigned char 
 Return value:  Size  Location     Type
                  2    0[COMRAM] int 
 Registers used:
		wreg, status,2, status,0
 Tracked objects:
		On entry : 
		On exit  : 
		Unchanged: 
 Data sizes:     COMRAM   BANK0   BANK1   BANK2   BANK3   BANK4   BANK5
      Params:         4       0       0       0       0       0       0
      Locals:         2       0       0       0       0       0       0
      Temps:          0       0       0       0       0       0       0
      Totals:         6       0       0       0       0       0       0
Total ram usage:        6 bytes
 Hardware stack levels used:    1
 This function calls:
		Nothing
 This function is called by:
		i2_efgtoa
 This function uses a non-reentrant model


 *************** function i2___awdiv *****************
 Defined at:
		line 7 in file "C:\Program Files (x86)\Microchip\xc8\v2.10\pic\sources\c99\common\awdiv.c"
 Parameters:    Size  Location     Type
  dividend        2    0[COMRAM] int 
  divisor         2    2[COMRAM] int 
 Auto vars:     Size  Location     Type
  __awdiv         2    6[COMRAM] int 
  __awdiv         1    5[COMRAM] unsigned char 
  __awdiv         1    4[COMRAM] unsigned char 
 Return value:  Size  Location     Type
                  2    0[COMRAM] int 
 Registers used:
		wreg, status,2, status,0
 Tracked objects:
		On entry : 
		On exit  : 
		Unchanged: 
 Data sizes:     COMRAM   BANK0   BANK1   BANK2   BANK3   BANK4   BANK5
      Params:         4       0       0       0       0       0       0
      Locals:         4       0       0       0       0       0       0
      Temps:          0       0       0       0       0       0       0
      Totals:         8       0       0       0       0       0       0
Total ram usage:        8 bytes
 Hardware stack levels used:    1
 This function calls:
		Nothing
 This function is called by:
		i2_efgtoa
 This function uses a non-reentrant model


 *************** function i2_atoi *****************
 Defined at:
		line 4 in file "C:\Program Files (x86)\Microchip\xc8\v2.10\pic\sources\c99\common\atoi.c"
 Parameters:    Size  Location     Type
  s               2    7[COMRAM] PTR const unsigned char 
		 -> STR_4(14), STR_1(36), 
 Auto vars:     Size  Location     Type
  atoi            2   20[COMRAM] int 
  atoi            2   13[COMRAM] int 
 Return value:  Size  Location     Type
                  2    7[COMRAM] int 
 Registers used:
		wreg, status,2, status,0, tblptrl, tblptrh, tblptru, prodl, prodh, cstack
 Tracked objects:
		On entry : 
		On exit  : 
		Unchanged: 
 Data sizes:     COMRAM   BANK0   BANK1   BANK2   BANK3   BANK4   BANK5
      Params:         2       0       0       0       0       0       0
      Locals:         9       0       0       0       0       0       0
      Temps:          4       0       0       0       0       0       0
      Totals:        15       0       0       0       0       0       0
Total ram usage:       15 bytes
 Hardware stack levels used:    1
 Hardware stack levels required when called:    1
 This function calls:
		i2___wmul
		i2_isdigit
		i2_isspace
 This function is called by:
		i2_vfpfcnvrt
 This function uses a non-reentrant model


 *************** function i2_isspace *****************
 Defined at:
		line 5 in file "C:\Program Files (x86)\Microchip\xc8\v2.10\pic\sources\c99\common\isspace.c"
 Parameters:    Size  Location     Type
  c               2    0[COMRAM] int 
 Auto vars:     Size  Location     Type
		None
 Return value:  Size  Location     Type
                  2    0[COMRAM] int 
 Registers used:
		wreg, status,2, status,0
 Tracked objects:
		On entry : 
		On exit  : 
		Unchanged: 
 Data sizes:     COMRAM   BANK0   BANK1   BANK2   BANK3   BANK4   BANK5
      Params:         2       0       0       0       0       0       0
      Locals:         1       0       0       0       0       0       0
      Temps:          4       0       0       0       0       0       0
      Totals:         7       0       0       0       0       0       0
Total ram usage:        7 bytes
 Hardware stack levels used:    1
 This function calls:
		Nothing
 This function is called by:
		i2_atoi
 This function uses a non-reentrant model


 *************** function i2_isdigit *****************
 Defined at:
		line 5 in file "C:\Program Files (x86)\Microchip\xc8\v2.10\pic\sources\c99\common\isdigit.c"
 Parameters:    Size  Location     Type
  c               2    0[COMRAM] int 
 Auto vars:     Size  Location     Type
		None
 Return value:  Size  Location     Type
                  2    0[COMRAM] int 
 Registers used:
		wreg, status,2, status,0
 Tracked objects:
		On entry : 
		On exit  : 
		Unchanged: 
 Data sizes:     COMRAM   BANK0   BANK1   BANK2   BANK3   BANK4   BANK5
      Params:         2       0       0       0       0       0       0
      Locals:         0       0       0       0       0       0       0
      Temps:          4       0       0       0       0       0       0
      Totals:         6       0       0       0       0       0       0
Total ram usage:        6 bytes
 Hardware stack levels used:    1
 This function calls:
		Nothing
 This function is called by:
		i2_vfpfcnvrt
		i2_atoi
 This function uses a non-reentrant model


 *************** function i2___wmul *****************
 Defined at:
		line 15 in file "C:\Program Files (x86)\Microchip\xc8\v2.10\pic\sources\c99\common\Umul16.c"
 Parameters:    Size  Location     Type
  multiplier      2    0[COMRAM] unsigned int 
  multiplicand    2    2[COMRAM] unsigned int 
 Auto vars:     Size  Location     Type
  __wmul          2    4[COMRAM] unsigned int 
 Return value:  Size  Location     Type
                  2    0[COMRAM] unsigned int 
 Registers used:
		wreg, status,2, status,0, prodl, prodh
 Tracked objects:
		On entry : 
		On exit  : 
		Unchanged: 
 Data sizes:     COMRAM   BANK0   BANK1   BANK2   BANK3   BANK4   BANK5
      Params:         4       0       0       0       0       0       0
      Locals:         2       0       0       0       0       0       0
      Temps:          0       0       0       0       0       0       0
      Totals:         6       0       0       0       0       0       0
Total ram usage:        6 bytes
 Hardware stack levels used:    1
 This function calls:
		Nothing
 This function is called by:
		i2_atoi
 This function uses a non-reentrant model



MODULE INFORMATION

Module		Function		Class		Link	Load	Size
C:\Program Files (x86)\Microchip\xc8\v2.10\pic\sources\c99\common\floorf.c
		_floorf        		CODE           	413A	0000	535

C:\Program Files (x86)\Microchip\xc8\v2.10\pic\sources\c99\common\floorf.c estimated size: 535

C:\Program Files (x86)\Microchip\xc8\v2.10\pic\sources\c99\common\atoi.c
		_atoi          		CODE           	4562	0000	405

C:\Program Files (x86)\Microchip\xc8\v2.10\pic\sources\c99\common\atoi.c estimated size: 405

C:\Program Files (x86)\Microchip\xc8\v2.10\pic\sources\c99\common\fleq.c
		___fleq        		CODE           	5C6A	0000	173

C:\Program Files (x86)\Microchip\xc8\v2.10\pic\sources\c99\common\fleq.c estimated size: 173

C:\Program Files (x86)\Microchip\xc8\v2.10\pic\sources\c99\common\awdiv.c
		___awdiv       		CODE           	58B8	0000	199

C:\Program Files (x86)\Microchip\xc8\v2.10\pic\sources\c99\common\awdiv.c estimated size: 199

C:\Program Files (x86)\Microchip\xc8\v2.10\pic\sources\c99\common\isspace.c
		_isspace       		CODE           	61C2	0000	85

C:\Program Files (x86)\Microchip\xc8\v2.10\pic\sources\c99\common\isspace.c estimated size: 85

C:\Program Files (x86)\Microchip\xc8\v2.10\pic\sources\c99\common\strlen.c
		_strlen        		CODE           	6216	0000	83

C:\Program Files (x86)\Microchip\xc8\v2.10\pic\sources\c99\common\strlen.c estimated size: 83

C:\Program Files (x86)\Microchip\xc8\v2.10\pic\sources\c99\common\fltol.c
		___fltol       		CODE           	4AAA	0000	265

C:\Program Files (x86)\Microchip\xc8\v2.10\pic\sources\c99\common\fltol.c estimated size: 265

C:\Program Files (x86)\Microchip\xc8\v2.10\pic\sources\c99\common\strcpy.c
		_strcpy        		CODE           	6108	0000	95

C:\Program Files (x86)\Microchip\xc8\v2.10\pic\sources\c99\common\strcpy.c estimated size: 95

C:\Program Files (x86)\Microchip\xc8\v2.10\pic\sources\c99\common\strncmp.c
		_strncmp       		CODE           	54AA	0000	217

C:\Program Files (x86)\Microchip\xc8\v2.10\pic\sources\c99\common\strncmp.c estimated size: 217

C:\Program Files (x86)\Microchip\xc8\v2.10\pic\sources\c99\common\tolower.c
		_tolower       		CODE           	5FE4	0000	99

C:\Program Files (x86)\Microchip\xc8\v2.10\pic\sources\c99\common\tolower.c estimated size: 99

C:\Program Files (x86)\Microchip\xc8\v2.10\pic\sources\c99\common\sprcmul.c
		___flmul       		CODE           	31AE	0000	1069

C:\Program Files (x86)\Microchip\xc8\v2.10\pic\sources\c99\common\sprcmul.c estimated size: 1069

C:\Program Files (x86)\Microchip\xc8\v2.10\pic\sources\c99\common\sprcdiv.c
		___fldiv       		CODE           	3A04	0000	925

C:\Program Files (x86)\Microchip\xc8\v2.10\pic\sources\c99\common\sprcdiv.c estimated size: 925

C:\Program Files (x86)\Microchip\xc8\v2.10\pic\sources\c99\common\doprnt.c
		_vfpfcnvrt     		CODE           	1DDE	0000	1321
		_efgtoa        		CODE           	1222	0000	3005
		_pad           		CODE           	5724	0000	203
		_vfprintf      		CODE           	5F82	0000	99

C:\Program Files (x86)\Microchip\xc8\v2.10\pic\sources\c99\common\doprnt.c estimated size: 4628

C:\Program Files (x86)\Microchip\xc8\v2.10\pic\sources\c99\common\nf_fputs.c
		_fputs         		CODE           	6444	0000	73

C:\Program Files (x86)\Microchip\xc8\v2.10\pic\sources\c99\common\nf_fputs.c estimated size: 73

C:\Program Files (x86)\Microchip\xc8\v2.10\pic\sources\c99\common\flge.c
		___flge        		CODE           	4CBA	0000	263

C:\Program Files (x86)\Microchip\xc8\v2.10\pic\sources\c99\common\flge.c estimated size: 263

C:\Program Files (x86)\Microchip\xc8\v2.10\pic\sources\c99\common\flneg.c
		___flneg       		CODE           	6620	0000	59

C:\Program Files (x86)\Microchip\xc8\v2.10\pic\sources\c99\common\flneg.c estimated size: 59

shared
		i2_vfpfcnvrt   		CODE           	2306	0000	1319
		i2_pad         		CODE           	597E	0000	199
		i2_atoi        		CODE           	46F6	0000	401
		i2_floorf      		CODE           	4350	0000	531
		i2_putch       		CODE           	69AE	0000	3
		i2___fleq      		CODE           	5D16	0000	171
		i2_isspace     		CODE           	630C	0000	83
		i2_strncmp     		CODE           	5582	0000	215
		i2_vfprintf    		CODE           	6046	0000	99
		i2_isdigit     		CODE           	6704	0000	57
		i2___flneg     		CODE           	66CC	0000	57
		i2_strcpy      		CODE           	6166	0000	93
		i2___awdiv     		CODE           	5A44	0000	197
		i1_lcdSetCursor		CODE           	63F8	0000	77
		i2___fladd     		CODE           	2CEE	0000	1217
		i2_lcdSetCursor		CODE           	64D4	0000	73
		i2___wmul      		CODE           	6870	0000	39
		i2___fldiv     		CODE           	3DA0	0000	923
		i2___fltol     		CODE           	4DC0	0000	263
		__initialization		CODE           	6772	0000	35
		i1_lcdWriteNibble		CODE           	5E58	0000	153
		i2_lcdWriteNibble		CODE           	5EF0	0000	147
		i2___flge      		CODE           	4FCA	0000	261
		i1_lcdWriteString		CODE           	4BB2	0000	265
		i2_lcdWriteString		CODE           	51CE	0000	257
		i2___awmod     		CODE           	5BBA	0000	177
		i2___flmul     		CODE           	35DA	0000	1067
		i1_lcdWriteChar		CODE           	698E	0000	17
		i1_lcdWriteByte		CODE           	67CE	0000	45
		i2_lcdWriteChar		CODE           	699E	0000	15
		i2_lcdWriteByte		CODE           	684A	0000	39
		i2___fpclassifyf		CODE           	52CE	0000	255
		i2___flsub     		CODE           	651C	0000	71
		i1_lcdClearDisplay		CODE           	68FC	0000	33
		i2_efgtoa      		CODE           	065C	0000	3015
		i2_lcdClearDisplay		CODE           	6938	0000	29
		i2_isupper     		CODE           	6694	0000	57
		i2_fputc       		CODE           	57EE	0000	203
		i1_strlen      		CODE           	6268	0000	83
		i2_fputs       		CODE           	6562	0000	69
		i2_strlen      		CODE           	635E	0000	79
		i2_tolower     		CODE           	60A8	0000	97

shared estimated size: 12486

C:\Program Files (x86)\Microchip\xc8\v2.10\pic\sources\c99\common\putch.c
		_putch         		CODE           	69AC	0000	3

C:\Program Files (x86)\Microchip\xc8\v2.10\pic\sources\c99\common\putch.c estimated size: 3

C:\Program Files (x86)\Microchip\xc8\v2.10\pic\sources\c99\common\isdigit.c
		_isdigit       		CODE           	665A	0000	59

C:\Program Files (x86)\Microchip\xc8\v2.10\pic\sources\c99\common\isdigit.c estimated size: 59

C:\Program Files (x86)\Microchip\xc8\v2.10\pic\sources\c99\common\sprcadd.c
		___flsub       		CODE           	648C	0000	73
		___fladd       		CODE           	282C	0000	1219

C:\Program Files (x86)\Microchip\xc8\v2.10\pic\sources\c99\common\sprcadd.c estimated size: 1292

lcd.c
		_lcdFunctionSet		CODE           	673C	0000	55
		_lcdClearDisplay		CODE           	68DC	0000	33
		_lcdSetCursor  		CODE           	63AC	0000	77
		_lcdDisplayControl		CODE           	6896	0000	37
		_lcdWriteChar  		CODE           	696E	0000	17
		_lcdWriteByte  		CODE           	67A2	0000	45
		_lcdEntryMode  		CODE           	68BA	0000	35
		_lcdInitialize 		CODE           	53CC	0000	223
		_lcdWriteNibble		CODE           	5DC0	0000	153
		_lcdWriteString		CODE           	49A2	0000	265

lcd.c estimated size: 940

C:\Program Files (x86)\Microchip\xc8\v2.10\pic\sources\c99\common\nf_sprintf.c
		_sprintf       		CODE           	62BA	0000	83

C:\Program Files (x86)\Microchip\xc8\v2.10\pic\sources\c99\common\nf_sprintf.c estimated size: 83

C:\Program Files (x86)\Microchip\xc8\v2.10\pic\sources\c99\common\Umul16.c
		___wmul        		CODE           	6822	0000	41

C:\Program Files (x86)\Microchip\xc8\v2.10\pic\sources\c99\common\Umul16.c estimated size: 41

initializeHardware.c
		_initializeButtonInterrupts		CODE           	697E	0000	17
		_initializeHardware		CODE           	65A6	0000	65
		_set_osc_p18f45k22_16MHz		CODE           	691C	0000	29
		_initializeTimers		CODE           	6954	0000	27

initializeHardware.c estimated size: 138

C:\Program Files (x86)\Microchip\xc8\v2.10\pic\sources\c99\common\awmod.c
		___awmod       		CODE           	5B08	0000	179

C:\Program Files (x86)\Microchip\xc8\v2.10\pic\sources\c99\common\awmod.c estimated size: 179

main.c
		_main          		CODE           	4EC6	0000	261
		_highPriorityISR		CODE           	0008	0000	291
		_lowPriorityISR		CODE           	0018	0000	163

main.c estimated size: 715

C:\Program Files (x86)\Microchip\xc8\v2.10\pic\sources\c99\common\isupper.c
		_isupper       		CODE           	65E6	0000	59

C:\Program Files (x86)\Microchip\xc8\v2.10\pic\sources\c99\common\isupper.c estimated size: 59

C:\Program Files (x86)\Microchip\xc8\v2.10\pic\sources\c99\common\printf.c
		_printf        		CODE           	67FA	0000	41

C:\Program Files (x86)\Microchip\xc8\v2.10\pic\sources\c99\common\printf.c estimated size: 41

C:\Program Files (x86)\Microchip\xc8\v2.10\pic\sources\c99\common\__fpclassifyf.c
		___fpclassifyf 		CODE           	50CE	0000	257

C:\Program Files (x86)\Microchip\xc8\v2.10\pic\sources\c99\common\__fpclassifyf.c estimated size: 257

C:\Program Files (x86)\Microchip\xc8\v2.10\pic\sources\c99\common\nf_fputc.c
		_fputc         		CODE           	5658	0000	205

C:\Program Files (x86)\Microchip\xc8\v2.10\pic\sources\c99\common\nf_fputc.c estimated size: 205

