Microchip MPLAB XC8 Compiler V2.10 ()

Linker command line:

-W-3 --edf=C:\Program Files (x86)\Microchip\xc8\v2.10\pic\dat\en_msgs.txt \
  -cs -h+dist/default/production\parallelCommunication.X.production.sym \
  --cmf=dist/default/production\parallelCommunication.X.production.cmf -z \
  -Q18F45K22 -oC:\Users\mpill\AppData\Local\Temp\safc.2 \
  --defsym=__MPLAB_BUILD=1 \
  -Mdist/default/production/parallelCommunication.X.production.map -E1 \
  -ver=XC8 --acfsm=1493 -ASTACK=0250h-05FFh -pstack=STACK -ACODE=00h-07FFFh \
  -ACONST=00h-07FFFh -ASMALLCONST=0600h-06FFhx122 \
  -AMEDIUMCONST=0600h-07FFFh -ACOMRAM=01h-05Fh -AABS1=00h-05FFh \
  -ABIGRAM=01h-05FFh -ARAM=060h-0FFh,0100h-01FFhx5 -ABANK0=060h-0FFh \
  -ABANK1=0100h-01FFh -ABANK2=0200h-02FFh -ABANK3=0300h-03FFh \
  -ABANK4=0400h-04FFh -ABANK5=0500h-05FFh -ASFR=0F38h-0F5Fh,0F60h-0FFFh \
  -preset_vec=00h,intcode=08h,intcodelo=018h,powerup,init -pramtop=0600h \
  -psmallconst=SMALLCONST -pmediumconst=MEDIUMCONST -pconst=CONST \
  -AFARRAM=00h-00h -ACONFIG=0300000h-030000Dh -pconfig=CONFIG \
  -AIDLOC=0200000h-0200007h -pidloc=IDLOC -AEEDATA=0F00000h-0F000FFh \
  -peeprom_data=EEDATA \
  -prdata=COMRAM,nvrram=COMRAM,nvbit=COMRAM,rbss=COMRAM,rbit=COMRAM \
  -pfarbss=FARRAM,fardata=FARRAM,nvFARRAM=FARRAM \
  -pintsave_regs=BIGRAM,bigbss=BIGRAM,bigdata=BIGRAM -pbss=RAM \
  -pidata=CODE,irdata=CODE,ibigdata=CODE,ifardata=CODE -prparam=COMRAM \
  C:\Users\mpill\AppData\Local\Temp\safc.o \
  dist/default/production\parallelCommunication.X.production.o 

Object code version is 3.11

Machine type is 18F45K22

Call graph: (short form)




                Name                               Link     Load   Length Selector   Space Scale
C:\Users\mpill\AppData\Local\Temp\safc.o
                init                                 BA       BA        4        C       0
                reset_vec                             0        0        4        0       0
                idloc                            200000   200000        8   200000       0
                config                           300000   300000        E   300000       0
dist/default/production\parallelCommunication.X.production.o
                intcodelo                            18       18       A2        C       0
                intcode                               8        8        6        4       0
                temp                                 5A       5A        1        1       1
                smallconst                          600      600       7A      300       0
                text87                             6886     6886       26      33D       0
                text86                             671A     671A       38      33D       0
                text85                             6322     6322       52      33D       0
                text84                             4714     4714      190      33D       0
                text83                             5A5A     5A5A       C4      33D       0
                text82                             5BD0     5BD0       B0      33D       0
                text81                             3DBE     3DBE      39A      33D       0
                text80                             5D2C     5D2C       AA      33D       0
                text79                             4EE4     4EE4      104      33D       0
                text78                             35F8     35F8      42A      33D       0
                text77                             66E2     66E2       38      33D       0
                text76                             2D0C     2D0C      4C0      33D       0
                text75                             6532     6532       46      33D       0
                text74                             4DDE     4DDE      106      33D       0
                text73                             51E8     51E8       FE      33D       0
                text72                             436E     436E      212      33D       0
                text71                             69C4     69C4        2      33D       0
                text70                             5804     5804       CA      33D       0
                text69                             6578     6578       44      33D       0
                text68                             6374     6374       4E      33D       0
                text67                             5994     5994       C6      33D       0
                text66                             617C     617C       5C      33D       0
                text65                             66AA     66AA       38      33D       0
                text64                             60BE     60BE       60      33D       0
                text63                              67A      67A      BC6      33D       0
                text62                             5598     5598       D6      33D       0
                text61                             2324     2324      526      33D       0
                text60                             605C     605C       62      33D       0
                text59                             62D0     62D0       52      33D       0
                text58                             5F06     5F06       92      33D       0
                text57                             6860     6860       26      33D       0
                text56                             694E     694E       1C      33D       0
                text55                             64EA     64EA       48      33D       0
                text54                             69B4     69B4        E      33D       0
                text53                             50E8     50E8      100      33D       0
                intcode_body                       48A4     48A4      11C      33D       0
                text51                             5E6E     5E6E       98      33D       0
                text50                             67E4     67E4       2C      33D       0
                text49                             6912     6912       20      33D       0
                text48                             640E     640E       4C      33D       0
                text47                             69A4     69A4       10      33D       0
                text46                             627E     627E       52      33D       0
                text45                             4BD0     4BD0      108      33D       0
                text43                             6994     6994       10      33D       0
                text42                             696A     696A       1A      33D       0
                text41                             5DD6     5DD6       98      33D       0
                text40                             67B8     67B8       2C      33D       0
                text39                             68F2     68F2       20      33D       0
                text38                             68AC     68AC       24      33D       0
                text37                             68D0     68D0       22      33D       0
                text36                             6752     6752       36      33D       0
                text35                             53E2     53E2       DE      33D       0
                text34                             6838     6838       28      33D       0
                text33                             6670     6670       3A      33D       0
                text32                             61D8     61D8       54      33D       0
                text31                             4580     4580      194      33D       0
                text30                             58CE     58CE       C6      33D       0
                text29                             5B1E     5B1E       B2      33D       0
                text28                             3A22     3A22      39C      33D       0
                text27                             5C80     5C80       AC      33D       0
                text26                             4CD8     4CD8      106      33D       0
                text25                             31CC     31CC      42C      33D       0
                text24                             6636     6636       3A      33D       0
                text23                             284A     284A      4C2      33D       0
                text22                             64A2     64A2       48      33D       0
                text21                             4AC8     4AC8      108      33D       0
                text20                             4FE8     4FE8      100      33D       0
                text19                             4158     4158      216      33D       0
                text18                             69C2     69C2        2      33D       0
                text17                             566E     566E       CC      33D       0
                text16                             645A     645A       48      33D       0
                text15                             622C     622C       52      33D       0
                text14                             573A     573A       CA      33D       0
                text13                             611E     611E       5E      33D       0
                text12                             65FC     65FC       3A      33D       0
                text11                             5FFA     5FFA       62      33D       0
                text10                             1240     1240      BBC      33D       0
                text9                              54C0     54C0       D8      33D       0
                text8                              1DFC     1DFC      528      33D       0
                text7                              5F98     5F98       62      33D       0
                text6                              6810     6810       28      33D       0
                text5                              6932     6932       1C      33D       0
                text4                              65BC     65BC       40      33D       0
                text3                              63C2     63C2       4C      33D       0
                text2                              6984     6984       10      33D       0
                text1                              49C0     49C0      108      33D       0
                text0                              52E6     52E6       FC      33D       0
                cstackCOMRAM                          1        1       59        1       1
                cstackBANK0                          60       60       65       60       1
                cstackBANK1                         100      100       B7      100       1
                bssBANK2                            200      200       50      200       1
                bssBANK1                            1B7      1B7       10      100       1
                bssBANK0                             C5       C5        4       60       1
                cinit                              6788     6788       30      33D       0

TOTAL           Name                               Link     Load   Length     Space
        CLASS   STACK          

        CLASS   CODE           
                intcodelo                            18       18       A2         0
                intcode                               8        8        6         0
                init                                 BA       BA        4         0
                reset_vec                             0        0        4         0
                text87                             6886     6886       26         0
                text86                             671A     671A       38         0
                text85                             6322     6322       52         0
                text84                             4714     4714      190         0
                text83                             5A5A     5A5A       C4         0
                text82                             5BD0     5BD0       B0         0
                text81                             3DBE     3DBE      39A         0
                text80                             5D2C     5D2C       AA         0
                text79                             4EE4     4EE4      104         0
                text78                             35F8     35F8      42A         0
                text77                             66E2     66E2       38         0
                text76                             2D0C     2D0C      4C0         0
                text75                             6532     6532       46         0
                text74                             4DDE     4DDE      106         0
                text73                             51E8     51E8       FE         0
                text72                             436E     436E      212         0
                text71                             69C4     69C4        2         0
                text70                             5804     5804       CA         0
                text69                             6578     6578       44         0
                text68                             6374     6374       4E         0
                text67                             5994     5994       C6         0
                text66                             617C     617C       5C         0
                text65                             66AA     66AA       38         0
                text64                             60BE     60BE       60         0
                text63                              67A      67A      BC6         0
                text62                             5598     5598       D6         0
                text61                             2324     2324      526         0
                text60                             605C     605C       62         0
                text59                             62D0     62D0       52         0
                text58                             5F06     5F06       92         0
                text57                             6860     6860       26         0
                text56                             694E     694E       1C         0
                text55                             64EA     64EA       48         0
                text54                             69B4     69B4        E         0
                text53                             50E8     50E8      100         0
                intcode_body                       48A4     48A4      11C         0
                text51                             5E6E     5E6E       98         0
                text50                             67E4     67E4       2C         0
                text49                             6912     6912       20         0
                text48                             640E     640E       4C         0
                text47                             69A4     69A4       10         0
                text46                             627E     627E       52         0
                text45                             4BD0     4BD0      108         0
                text43                             6994     6994       10         0
                text42                             696A     696A       1A         0
                text41                             5DD6     5DD6       98         0
                text40                             67B8     67B8       2C         0
                text39                             68F2     68F2       20         0
                text38                             68AC     68AC       24         0
                text37                             68D0     68D0       22         0
                text36                             6752     6752       36         0
                text35                             53E2     53E2       DE         0
                text34                             6838     6838       28         0
                text33                             6670     6670       3A         0
                text32                             61D8     61D8       54         0
                text31                             4580     4580      194         0
                text30                             58CE     58CE       C6         0
                text29                             5B1E     5B1E       B2         0
                text28                             3A22     3A22      39C         0
                text27                             5C80     5C80       AC         0
                text26                             4CD8     4CD8      106         0
                text25                             31CC     31CC      42C         0
                text24                             6636     6636       3A         0
                text23                             284A     284A      4C2         0
                text22                             64A2     64A2       48         0
                text21                             4AC8     4AC8      108         0
                text20                             4FE8     4FE8      100         0
                text19                             4158     4158      216         0
                text18                             69C2     69C2        2         0
                text17                             566E     566E       CC         0
                text16                             645A     645A       48         0
                text15                             622C     622C       52         0
                text14                             573A     573A       CA         0
                text13                             611E     611E       5E         0
                text12                             65FC     65FC       3A         0
                text11                             5FFA     5FFA       62         0
                text10                             1240     1240      BBC         0
                text9                              54C0     54C0       D8         0
                text8                              1DFC     1DFC      528         0
                text7                              5F98     5F98       62         0
                text6                              6810     6810       28         0
                text5                              6932     6932       1C         0
                text4                              65BC     65BC       40         0
                text3                              63C2     63C2       4C         0
                text2                              6984     6984       10         0
                text1                              49C0     49C0      108         0
                text0                              52E6     52E6       FC         0
                cinit                              6788     6788       30         0

        CLASS   CONST          

        CLASS   SMALLCONST     
                smallconst                          600      600       7A         0

        CLASS   MEDIUMCONST    

        CLASS   COMRAM         
                temp                                 5A       5A        1         1
                cstackCOMRAM                          1        1       59         1

        CLASS   ABS1           

        CLASS   BIGRAM         

        CLASS   RAM            

        CLASS   BANK0          
                cstackBANK0                          60       60       65         1
                bssBANK0                             C5       C5        4         1

        CLASS   BANK1          
                cstackBANK1                         100      100       B7         1
                bssBANK1                            1B7      1B7       10         1

        CLASS   BANK2          
                bssBANK2                            200      200       50         1

        CLASS   BANK3          

        CLASS   BANK4          

        CLASS   BANK5          

        CLASS   SFR            

        CLASS   FARRAM         

        CLASS   CONFIG         
                config                           300000   300000        E         0

        CLASS   IDLOC          
                idloc                            200000   200000        8         0

        CLASS   EEDATA         



SEGMENTS        Name                           Load    Length   Top    Selector   Space  Class

                reset_vec                      000000  000004  000004         0       0  CODE    
                cstackCOMRAM                   000001  00005A  00005B         1       1  COMRAM  
                intcode                        000008  000006  00000E         4       0  CODE    
                intcodelo                      000018  0000A6  0000BE         C       0  CODE    
                cstackBANK0                    000060  000069  0000C9        60       1  BANK0   
                cstackBANK1                    000100  0000C7  0001C7       100       1  BANK1   
                bssBANK2                       000200  000050  000250       200       1  BANK2   
                smallconst                     000600  00007A  00067A       300       0  SMALLCON
                text63                         00067A  00634C  0069C6       33D       0  CODE    
                idloc                          200000  000008  200008    200000       0  IDLOC   
                config                         300000  00000E  30000E    300000       0  CONFIG  


UNUSED ADDRESS RANGES

        Name                Unused          Largest block    Delta
        BANK0            0000C9-0000FF               37
        BANK1            0001C7-0001FF               39
        BANK2            000250-0002FF               B0
        BANK3            000300-0003FF              100
        BANK4            000400-0004FF              100
        BANK5            000500-0005FF              100
        BIGRAM           00005B-00005F                5
                         0000C9-0000FF               37
                         0001C7-0001FF               39
                         000250-0005FF              3B0
        CODE             000004-000007                4
                         00000E-000017                A
                         0000BE-0005FF              542
                         0069C6-007FFF             163A
        COMRAM           00005B-00005F                5
        CONST            000004-000007                4
                         00000E-000017                A
                         0000BE-0005FF              542
                         0069C6-007FFF             163A
        EEDATA           F00000-F000FF              100
        MEDIUMCONST      0069C6-007FFF             163A
        RAM              0000C9-0000FF               37
                         0001C7-0001FF               39
                         000250-0005FF              100
        SFR              000F38-000FFF               28
        SMALLCONST       0069C6-007FFF              100
        STACK            000250-0005FF              3B0

                                  Symbol Table

?___awdiv                            cstackBANK1  00011C
?___awmod                            cstackBANK1  00011C
?___fladd                            cstackBANK1  00011C
?___fldiv                            cstackBANK1  00011C
?___flmul                            cstackBANK1  00011C
?___flneg                            cstackBANK1  00011C
?___flsub                            cstackBANK1  000135
?___fltol                            cstackBANK1  00011C
?___fpclassifyf                      cstackBANK1  00011C
?___wmul                             cstackBANK1  00011C
?_atoi                               cstackBANK1  000123
?_efgtoa                             cstackBANK1  000149
?_floorf                             cstackBANK1  000135
?_isdigit                            cstackBANK1  00011C
?_isspace                            cstackBANK1  00011C
?_isupper                            cstackBANK1  00011C
?_pad                                cstackBANK1  00012C
?_printf                             cstackBANK1  0001AD
?_sprintf                            cstackBANK0  000098
?_strlen                             cstackBANK1  00011C
?_strncmp                            cstackBANK1  00011C
?_tolower                            cstackBANK1  000122
?_vfpfcnvrt                          cstackBANK1  00018D
?_vfprintf                           cstackBANK1  0001A5
?i1_strlen                           cstackBANK1  000100
?i2___awdiv                          cstackCOMRAM 000001
?i2___awmod                          cstackCOMRAM 000001
?i2___fladd                          cstackCOMRAM 000001
?i2___fldiv                          cstackCOMRAM 000001
?i2___flmul                          cstackCOMRAM 000001
?i2___flneg                          cstackCOMRAM 000001
?i2___flsub                          cstackCOMRAM 00001A
?i2___fltol                          cstackCOMRAM 000001
?i2___fpclassifyf                    cstackCOMRAM 000001
?i2___wmul                           cstackCOMRAM 000001
?i2_atoi                             cstackCOMRAM 000008
?i2_efgtoa                           cstackCOMRAM 00002E
?i2_floorf                           cstackCOMRAM 00001A
?i2_isdigit                          cstackCOMRAM 000001
?i2_isspace                          cstackCOMRAM 000001
?i2_isupper                          cstackCOMRAM 000001
?i2_pad                              cstackCOMRAM 000011
?i2_strlen                           cstackCOMRAM 000001
?i2_strncmp                          cstackCOMRAM 000001
?i2_tolower                          cstackCOMRAM 000007
?i2_vfpfcnvrt                        cstackCOMRAM 00003A
?i2_vfprintf                         cstackCOMRAM 000052
_ANSELA                              (abs)        000F38
_ANSELB                              (abs)        000F39
_ANSELE                              (abs)        000F3C
_INTCON2bits                         (abs)        000FF1
_INTCON3bits                         (abs)        000FF0
_INTCONbits                          (abs)        000FF2
_LATA                                (abs)        000F89
_LATAbits                            (abs)        000F89
_LATE                                (abs)        000F8D
_LATEbits                            (abs)        000F8D
_OSCCON                              (abs)        000FD3
_OSCCON2                             (abs)        000FD2
_OSCCONbits                          (abs)        000FD3
_OSCTUNE                             (abs)        000F9B
_PORTB                               (abs)        000F81
_PORTBbits                           (abs)        000F81
_RCONbits                            (abs)        000FD0
_T0CONbits                           (abs)        000FD5
_TMR0H                               (abs)        000FD7
_TMR0L                               (abs)        000FD6
_TRISA                               (abs)        000F92
_TRISBbits                           (abs)        000F93
_TRISE                               (abs)        000F96
__CFG_BOREN$SBORDIS                  (abs)        000000
__CFG_BORV$190                       (abs)        000000
__CFG_CCP2MX$PORTC1                  (abs)        000000
__CFG_CCP3MX$PORTB5                  (abs)        000000
__CFG_CP0$OFF                        (abs)        000000
__CFG_CP1$OFF                        (abs)        000000
__CFG_CP2$OFF                        (abs)        000000
__CFG_CP3$OFF                        (abs)        000000
__CFG_CPB$OFF                        (abs)        000000
__CFG_CPD$OFF                        (abs)        000000
__CFG_EBTR0$OFF                      (abs)        000000
__CFG_EBTR1$OFF                      (abs)        000000
__CFG_EBTR2$OFF                      (abs)        000000
__CFG_EBTR3$OFF                      (abs)        000000
__CFG_EBTRB$OFF                      (abs)        000000
__CFG_FCMEN$OFF                      (abs)        000000
__CFG_FOSC$INTIO67                   (abs)        000000
__CFG_HFOFST$ON                      (abs)        000000
__CFG_IESO$OFF                       (abs)        000000
__CFG_LVP$ON                         (abs)        000000
__CFG_MCLRE$EXTMCLR                  (abs)        000000
__CFG_P2BMX$PORTD2                   (abs)        000000
__CFG_PBADEN$ON                      (abs)        000000
__CFG_PLLCFG$OFF                     (abs)        000000
__CFG_PRICLKEN$ON                    (abs)        000000
__CFG_PWRTEN$OFF                     (abs)        000000
__CFG_STVREN$ON                      (abs)        000000
__CFG_T3CMX$PORTC0                   (abs)        000000
__CFG_WDTEN$ON                       (abs)        000000
__CFG_WDTPS$32768                    (abs)        000000
__CFG_WRT0$OFF                       (abs)        000000
__CFG_WRT1$OFF                       (abs)        000000
__CFG_WRT2$OFF                       (abs)        000000
__CFG_WRT3$OFF                       (abs)        000000
__CFG_WRTB$OFF                       (abs)        000000
__CFG_WRTC$OFF                       (abs)        000000
__CFG_WRTD$OFF                       (abs)        000000
__CFG_XINST$OFF                      (abs)        000000
__HRAM                               (abs)        000000
__Habs1                              abs1         000000
__Hbank0                             bank0        000000
__Hbank1                             bank1        000000
__Hbank2                             bank2        000000
__Hbank3                             bank3        000000
__Hbank4                             bank4        000000
__Hbank5                             bank5        000000
__Hbigbss                            bigbss       000000
__Hbigdata                           bigdata      000000
__Hbigram                            bigram       000000
__Hbss                               bss          000000
__HbssBANK0                          bssBANK0     000000
__HbssBANK1                          bssBANK1     000000
__HbssBANK2                          bssBANK2     000000
__Hcinit                             cinit        000000
__Hclrtext                           clrtext      000000
__Hcomram                            comram       000000
__Hconfig                            config       30000E
__Hconst                             const        000000
__HcstackBANK0                       cstackBANK0  000000
__HcstackBANK1                       cstackBANK1  000000
__HcstackCOMRAM                      cstackCOMRAM 000000
__Hdata                              data         000000
__Heeprom_data                       eeprom_data  000000
__Hfarbss                            farbss       000000
__Hfardata                           fardata      000000
__Hibigdata                          ibigdata     000000
__Hidata                             idata        000000
__Hidloc                             idloc        200008
__Hifardata                          ifardata     000000
__Hinit                              init         0000BE
__Hintcode                           intcode      00000E
__Hintcode_body                      intcode_body 000000
__Hintcodelo                         intcodelo    0000BA
__Hintentry                          intentry     000000
__Hintret                            intret       000000
__Hintsave_regs                      intsave_regs 000000
__Hirdata                            irdata       000000
__Hmediumconst                       mediumconst  000000
__HnvFARRAM                          nvFARRAM     000000
__Hnvbit                             nvbit        000000
__Hnvrram                            nvrram       000000
__Hparam                             rparam       000000
__Hpowerup                           powerup      0000BA
__Hram                               ram          000000
__Hramtop                            ramtop       000600
__Hrbit                              rbit         000000
__Hrbss                              rbss         000000
__Hrdata                             rdata        000000
__Hreset_vec                         reset_vec    000004
__Hrparam                            rparam       000000
__Hsfr                               sfr          000000
__Hsmallconst                        smallconst   00067A
__Hspace_0                           (abs)        30000E
__Hspace_1                           (abs)        000250
__Hspace_2                           (abs)        000000
__Hstack                             stack        000000
__Hstruct                            struct       000000
__Htemp                              temp         00005B
__Htext                              text         000000
__Htext0                             text0        000000
__Htext1                             text1        000000
__Htext10                            text10       000000
__Htext11                            text11       000000
__Htext12                            text12       000000
__Htext13                            text13       000000
__Htext14                            text14       000000
__Htext15                            text15       000000
__Htext16                            text16       000000
__Htext17                            text17       000000
__Htext18                            text18       000000
__Htext19                            text19       000000
__Htext2                             text2        000000
__Htext20                            text20       000000
__Htext21                            text21       000000
__Htext22                            text22       000000
__Htext23                            text23       000000
__Htext24                            text24       000000
__Htext25                            text25       000000
__Htext26                            text26       000000
__Htext27                            text27       000000
__Htext28                            text28       000000
__Htext29                            text29       000000
__Htext3                             text3        000000
__Htext30                            text30       000000
__Htext31                            text31       000000
__Htext32                            text32       000000
__Htext33                            text33       000000
__Htext34                            text34       000000
__Htext35                            text35       000000
__Htext36                            text36       000000
__Htext37                            text37       000000
__Htext38                            text38       000000
__Htext39                            text39       000000
__Htext4                             text4        000000
__Htext40                            text40       000000
__Htext41                            text41       000000
__Htext42                            text42       000000
__Htext43                            text43       000000
__Htext45                            text45       000000
__Htext46                            text46       000000
__Htext47                            text47       000000
__Htext48                            text48       000000
__Htext49                            text49       000000
__Htext5                             text5        000000
__Htext50                            text50       000000
__Htext51                            text51       000000
__Htext53                            text53       000000
__Htext54                            text54       000000
__Htext55                            text55       000000
__Htext56                            text56       000000
__Htext57                            text57       000000
__Htext58                            text58       000000
__Htext59                            text59       000000
__Htext6                             text6        000000
__Htext60                            text60       000000
__Htext61                            text61       000000
__Htext62                            text62       000000
__Htext63                            text63       000000
__Htext64                            text64       000000
__Htext65                            text65       000000
__Htext66                            text66       000000
__Htext67                            text67       000000
__Htext68                            text68       000000
__Htext69                            text69       000000
__Htext7                             text7        000000
__Htext70                            text70       000000
__Htext71                            text71       000000
__Htext72                            text72       000000
__Htext73                            text73       000000
__Htext74                            text74       000000
__Htext75                            text75       000000
__Htext76                            text76       000000
__Htext77                            text77       000000
__Htext78                            text78       000000
__Htext79                            text79       000000
__Htext8                             text8        000000
__Htext80                            text80       000000
__Htext81                            text81       000000
__Htext82                            text82       000000
__Htext83                            text83       000000
__Htext84                            text84       000000
__Htext85                            text85       000000
__Htext86                            text86       000000
__Htext87                            text87       000000
__Htext9                             text9        000000
__LRAM                               (abs)        000001
__Labs1                              abs1         000000
__Lbank0                             bank0        000000
__Lbank1                             bank1        000000
__Lbank2                             bank2        000000
__Lbank3                             bank3        000000
__Lbank4                             bank4        000000
__Lbank5                             bank5        000000
__Lbigbss                            bigbss       000000
__Lbigdata                           bigdata      000000
__Lbigram                            bigram       000000
__Lbss                               bss          000000
__LbssBANK0                          bssBANK0     000000
__LbssBANK1                          bssBANK1     000000
__LbssBANK2                          bssBANK2     000000
__Lcinit                             cinit        000000
__Lclrtext                           clrtext      000000
__Lcomram                            comram       000000
__Lconfig                            config       300000
__Lconst                             const        000000
__LcstackBANK0                       cstackBANK0  000000
__LcstackBANK1                       cstackBANK1  000000
__LcstackCOMRAM                      cstackCOMRAM 000000
__Ldata                              data         000000
__Leeprom_data                       eeprom_data  000000
__Lfarbss                            farbss       000000
__Lfardata                           fardata      000000
__Libigdata                          ibigdata     000000
__Lidata                             idata        000000
__Lidloc                             idloc        200000
__Lifardata                          ifardata     000000
__Linit                              init         0000BA
__Lintcode                           intcode      000008
__Lintcode_body                      intcode_body 000000
__Lintcodelo                         intcodelo    000018
__Lintentry                          intentry     000000
__Lintret                            intret       000000
__Lintsave_regs                      intsave_regs 000000
__Lirdata                            irdata       000000
__Lmediumconst                       mediumconst  000000
__LnvFARRAM                          nvFARRAM     000000
__Lnvbit                             nvbit        000000
__Lnvrram                            nvrram       000000
__Lparam                             rparam       000000
__Lpowerup                           powerup      0000BA
__Lram                               ram          000000
__Lramtop                            ramtop       000600
__Lrbit                              rbit         000000
__Lrbss                              rbss         000000
__Lrdata                             rdata        000000
__Lreset_vec                         reset_vec    000000
__Lrparam                            rparam       000000
__Lsfr                               sfr          000000
__Lsmallconst                        smallconst   000600
__Lspace_0                           (abs)        000000
__Lspace_1                           (abs)        000000
__Lspace_2                           (abs)        000000
__Lstack                             stack        000000
__Lstruct                            struct       000000
__Ltemp                              temp         00005A
__Ltext                              text         000000
__Ltext0                             text0        000000
__Ltext1                             text1        000000
__Ltext10                            text10       000000
__Ltext11                            text11       000000
__Ltext12                            text12       000000
__Ltext13                            text13       000000
__Ltext14                            text14       000000
__Ltext15                            text15       000000
__Ltext16                            text16       000000
__Ltext17                            text17       000000
__Ltext18                            text18       000000
__Ltext19                            text19       000000
__Ltext2                             text2        000000
__Ltext20                            text20       000000
__Ltext21                            text21       000000
__Ltext22                            text22       000000
__Ltext23                            text23       000000
__Ltext24                            text24       000000
__Ltext25                            text25       000000
__Ltext26                            text26       000000
__Ltext27                            text27       000000
__Ltext28                            text28       000000
__Ltext29                            text29       000000
__Ltext3                             text3        000000
__Ltext30                            text30       000000
__Ltext31                            text31       000000
__Ltext32                            text32       000000
__Ltext33                            text33       000000
__Ltext34                            text34       000000
__Ltext35                            text35       000000
__Ltext36                            text36       000000
__Ltext37                            text37       000000
__Ltext38                            text38       000000
__Ltext39                            text39       000000
__Ltext4                             text4        000000
__Ltext40                            text40       000000
__Ltext41                            text41       000000
__Ltext42                            text42       000000
__Ltext43                            text43       000000
__Ltext45                            text45       000000
__Ltext46                            text46       000000
__Ltext47                            text47       000000
__Ltext48                            text48       000000
__Ltext49                            text49       000000
__Ltext5                             text5        000000
__Ltext50                            text50       000000
__Ltext51                            text51       000000
__Ltext53                            text53       000000
__Ltext54                            text54       000000
__Ltext55                            text55       000000
__Ltext56                            text56       000000
__Ltext57                            text57       000000
__Ltext58                            text58       000000
__Ltext59                            text59       000000
__Ltext6                             text6        000000
__Ltext60                            text60       000000
__Ltext61                            text61       000000
__Ltext62                            text62       000000
__Ltext63                            text63       000000
__Ltext64                            text64       000000
__Ltext65                            text65       000000
__Ltext66                            text66       000000
__Ltext67                            text67       000000
__Ltext68                            text68       000000
__Ltext69                            text69       000000
__Ltext7                             text7        000000
__Ltext70                            text70       000000
__Ltext71                            text71       000000
__Ltext72                            text72       000000
__Ltext73                            text73       000000
__Ltext74                            text74       000000
__Ltext75                            text75       000000
__Ltext76                            text76       000000
__Ltext77                            text77       000000
__Ltext78                            text78       000000
__Ltext79                            text79       000000
__Ltext8                             text8        000000
__Ltext80                            text80       000000
__Ltext81                            text81       000000
__Ltext82                            text82       000000
__Ltext83                            text83       000000
__Ltext84                            text84       000000
__Ltext85                            text85       000000
__Ltext86                            text86       000000
__Ltext87                            text87       000000
__Ltext9                             text9        000000
__S0                                 (abs)        30000E
__S1                                 (abs)        000250
__S2                                 (abs)        000000
___awdiv                             text30       0058CE
___awdiv@counter                     cstackBANK1  000120
___awdiv@dividend                    cstackBANK1  00011C
___awdiv@divisor                     cstackBANK1  00011E
___awdiv@quotient                    cstackBANK1  000122
___awdiv@sign                        cstackBANK1  000121
___awmod                             text29       005B1E
___awmod@counter                     cstackBANK1  000120
___awmod@dividend                    cstackBANK1  00011C
___awmod@divisor                     cstackBANK1  00011E
___awmod@sign                        cstackBANK1  000121
___fladd                             text23       00284A
___fladd@a                           cstackBANK1  000120
___fladd@aexp                        cstackBANK1  000129
___fladd@b                           cstackBANK1  00011C
___fladd@bexp                        cstackBANK1  00012A
___fladd@grs                         cstackBANK1  00012B
___fladd@signs                       cstackBANK1  000128
___fldiv                             text28       003A22
___fldiv@a                           cstackBANK1  000120
___fldiv@aexp                        cstackBANK1  000134
___fldiv@b                           cstackBANK1  00011C
___fldiv@bexp                        cstackBANK1  000133
___fldiv@grs                         cstackBANK1  00012F
___fldiv@new_exp                     cstackBANK1  00012D
___fldiv@rem                         cstackBANK1  000128
___fldiv@sign                        cstackBANK1  00012C
___fleq                              text27       005C80
___fleq@ff1                          cstackBANK1  00011C
___fleq@ff2                          cstackBANK1  000120
___flge                              text26       004CD8
___flge@ff1                          cstackBANK1  000135
___flge@ff2                          cstackBANK1  000139
___flmul                             text25       0031CC
___flmul@a                           cstackBANK1  000120
___flmul@aexp                        cstackBANK1  00012D
___flmul@b                           cstackBANK1  00011C
___flmul@bexp                        cstackBANK1  00012E
___flmul@grs                         cstackBANK1  000129
___flmul@prod                        cstackBANK1  00012F
___flmul@sign                        cstackBANK1  000128
___flmul@temp                        cstackBANK1  000133
___flneg                             text24       006636
___flneg@f1                          cstackBANK1  00011C
___flsub                             text22       0064A2
___flsub@a                           cstackBANK1  000139
___flsub@b                           cstackBANK1  000135
___fltol                             text21       004AC8
___fltol@exp1                        cstackBANK1  000125
___fltol@f1                          cstackBANK1  00011C
___fltol@sign1                       cstackBANK1  000124
___fpclassifyf                       text20       004FE8
___fpclassifyf@F463                  bssBANK1     0001BB
___fpclassifyf@e                     cstackBANK1  000124
___fpclassifyf@u                     cstackBANK1  000126
___fpclassifyf@x                     cstackBANK1  00011C
___inthi_sp                          stack        000000
___intlo_sp                          stack        000000
___param_bank                        (abs)        000000
___rparam_used                       (abs)        000001
___sp                                stack        000000
___wmul                              text34       006838
___wmul@multiplicand                 cstackBANK1  00011E
___wmul@multiplier                   cstackBANK1  00011C
___wmul@product                      cstackBANK1  000120
__accesstop                          (abs)        000060
__activetblptr                       (abs)        000002
__end_of___awdiv                     text30       005994
__end_of___awmod                     text29       005BD0
__end_of___fladd                     text23       002D0C
__end_of___fldiv                     text28       003DBE
__end_of___fleq                      text27       005D2C
__end_of___flge                      text26       004DDE
__end_of___flmul                     text25       0035F8
__end_of___flneg                     text24       006670
__end_of___flsub                     text22       0064EA
__end_of___fltol                     text21       004BD0
__end_of___fpclassifyf               text20       0050E8
__end_of___wmul                      text34       006860
__end_of__initialization             cinit        0067AA
__end_of_atoi                        text31       004714
__end_of_efgtoa                      text10       001DFC
__end_of_floorf                      text19       00436E
__end_of_fputc                       text17       00573A
__end_of_fputs                       text16       0064A2
__end_of_highPriorityISR             intcode_body 0049C0
__end_of_initializeButtonInterrupts  text43       0069A4
__end_of_initializeHardware          text4        0065FC
__end_of_initializeTimers            text42       006984
__end_of_isdigit                     text33       0066AA
__end_of_isspace                     text32       00622C
__end_of_isupper                     text12       006636
__end_of_lcdClearDisplay             text39       006912
__end_of_lcdDisplayControl           text38       0068D0
__end_of_lcdEntryMode                text37       0068F2
__end_of_lcdFunctionSet              text36       006788
__end_of_lcdInitialize               text35       0054C0
__end_of_lcdSetCursor                text3        00640E
__end_of_lcdWriteByte                text40       0067E4
__end_of_lcdWriteChar                text2        006994
__end_of_lcdWriteNibble              text41       005E6E
__end_of_lcdWriteString              text1        004AC8
__end_of_lowPriorityISR              intcodelo    0000BA
__end_of_main                        text0        0053E2
__end_of_pad                         text14       005804
__end_of_printf                      text6        006838
__end_of_putch                       text18       0069C4
__end_of_set_osc_p18f45k22_16MHz     text5        00694E
__end_of_sprintf                     text59       006322
__end_of_strcpy                      text13       00617C
__end_of_strlen                      text15       00627E
__end_of_strncmp                     text9        005598
__end_of_tolower                     text11       00605C
__end_of_vfpfcnvrt                   text8        002324
__end_of_vfprintf                    text7        005FFA
__end_ofi1_lcdClearDisplay           text49       006932
__end_ofi1_lcdSetCursor              text48       00645A
__end_ofi1_lcdWriteByte              text50       006810
__end_ofi1_lcdWriteChar              text47       0069B4
__end_ofi1_lcdWriteNibble            text51       005F06
__end_ofi1_lcdWriteString            text45       004CD8
__end_ofi1_strlen                    text46       0062D0
__end_ofi2___awdiv                   text83       005B1E
__end_ofi2___awmod                   text82       005C80
__end_ofi2___fladd                   text76       0031CC
__end_ofi2___fldiv                   text81       004158
__end_ofi2___fleq                    text80       005DD6
__end_ofi2___flge                    text79       004FE8
__end_ofi2___flmul                   text78       003A22
__end_ofi2___flneg                   text77       00671A
__end_ofi2___flsub                   text75       006578
__end_ofi2___fltol                   text74       004EE4
__end_ofi2___fpclassifyf             text73       0052E6
__end_ofi2___wmul                    text87       0068AC
__end_ofi2_atoi                      text84       0048A4
__end_ofi2_efgtoa                    text63       001240
__end_ofi2_floorf                    text72       004580
__end_ofi2_fputc                     text70       0058CE
__end_ofi2_fputs                     text69       0065BC
__end_ofi2_isdigit                   text86       006752
__end_ofi2_isspace                   text85       006374
__end_ofi2_isupper                   text65       0066E2
__end_ofi2_lcdClearDisplay           text56       00696A
__end_ofi2_lcdSetCursor              text55       006532
__end_ofi2_lcdWriteByte              text57       006886
__end_ofi2_lcdWriteChar              text54       0069C2
__end_ofi2_lcdWriteNibble            text58       005F98
__end_ofi2_lcdWriteString            text53       0051E8
__end_ofi2_pad                       text67       005A5A
__end_ofi2_putch                     text71       0069C6
__end_ofi2_strcpy                    text66       0061D8
__end_ofi2_strlen                    text68       0063C2
__end_ofi2_strncmp                   text62       00566E
__end_ofi2_tolower                   text64       00611E
__end_ofi2_vfpfcnvrt                 text61       00284A
__end_ofi2_vfprintf                  text60       0060BE
__initialization                     cinit        006788
__mediumconst                        mediumconst  000000
__pbssBANK0                          bssBANK0     0000C5
__pbssBANK1                          bssBANK1     0001B7
__pbssBANK2                          bssBANK2     000200
__pcinit                             cinit        006788
__pcstackBANK0                       cstackBANK0  000060
__pcstackBANK1                       cstackBANK1  000100
__pcstackCOMRAM                      cstackCOMRAM 000001
__pintcode                           intcode      000008
__pintcode_body                      intcode_body 0048A4
__pintcodelo                         intcodelo    000018
__psmallconst                        smallconst   000600
__ptext0                             text0        0052E6
__ptext1                             text1        0049C0
__ptext10                            text10       001240
__ptext11                            text11       005FFA
__ptext12                            text12       0065FC
__ptext13                            text13       00611E
__ptext14                            text14       00573A
__ptext15                            text15       00622C
__ptext16                            text16       00645A
__ptext17                            text17       00566E
__ptext18                            text18       0069C2
__ptext19                            text19       004158
__ptext2                             text2        006984
__ptext20                            text20       004FE8
__ptext21                            text21       004AC8
__ptext22                            text22       0064A2
__ptext23                            text23       00284A
__ptext24                            text24       006636
__ptext25                            text25       0031CC
__ptext26                            text26       004CD8
__ptext27                            text27       005C80
__ptext28                            text28       003A22
__ptext29                            text29       005B1E
__ptext3                             text3        0063C2
__ptext30                            text30       0058CE
__ptext31                            text31       004580
__ptext32                            text32       0061D8
__ptext33                            text33       006670
__ptext34                            text34       006838
__ptext35                            text35       0053E2
__ptext36                            text36       006752
__ptext37                            text37       0068D0
__ptext38                            text38       0068AC
__ptext39                            text39       0068F2
__ptext4                             text4        0065BC
__ptext40                            text40       0067B8
__ptext41                            text41       005DD6
__ptext42                            text42       00696A
__ptext43                            text43       006994
__ptext45                            text45       004BD0
__ptext46                            text46       00627E
__ptext47                            text47       0069A4
__ptext48                            text48       00640E
__ptext49                            text49       006912
__ptext5                             text5        006932
__ptext50                            text50       0067E4
__ptext51                            text51       005E6E
__ptext53                            text53       0050E8
__ptext54                            text54       0069B4
__ptext55                            text55       0064EA
__ptext56                            text56       00694E
__ptext57                            text57       006860
__ptext58                            text58       005F06
__ptext59                            text59       0062D0
__ptext6                             text6        006810
__ptext60                            text60       00605C
__ptext61                            text61       002324
__ptext62                            text62       005598
__ptext63                            text63       00067A
__ptext64                            text64       0060BE
__ptext65                            text65       0066AA
__ptext66                            text66       00617C
__ptext67                            text67       005994
__ptext68                            text68       006374
__ptext69                            text69       006578
__ptext7                             text7        005F98
__ptext70                            text70       005804
__ptext71                            text71       0069C4
__ptext72                            text72       00436E
__ptext73                            text73       0051E8
__ptext74                            text74       004DDE
__ptext75                            text75       006532
__ptext76                            text76       002D0C
__ptext77                            text77       0066E2
__ptext78                            text78       0035F8
__ptext79                            text79       004EE4
__ptext8                             text8        001DFC
__ptext80                            text80       005D2C
__ptext81                            text81       003DBE
__ptext82                            text82       005BD0
__ptext83                            text83       005A5A
__ptext84                            text84       004714
__ptext85                            text85       006322
__ptext86                            text86       00671A
__ptext87                            text87       006886
__ptext9                             text9        0054C0
__ramtop                             ramtop       000600
__size_of___awdiv                    (abs)        000000
__size_of___awmod                    (abs)        000000
__size_of___fladd                    (abs)        000000
__size_of___fldiv                    (abs)        000000
__size_of___fleq                     (abs)        000000
__size_of___flge                     (abs)        000000
__size_of___flmul                    (abs)        000000
__size_of___flneg                    (abs)        000000
__size_of___flsub                    (abs)        000000
__size_of___fltol                    (abs)        000000
__size_of___fpclassifyf              (abs)        000000
__size_of___wmul                     (abs)        000000
__size_of_atoi                       (abs)        000000
__size_of_efgtoa                     (abs)        000000
__size_of_floorf                     (abs)        000000
__size_of_fputc                      (abs)        000000
__size_of_fputs                      (abs)        000000
__size_of_highPriorityISR            (abs)        000000
__size_of_initializeButtonInterrupts (abs)        000000
__size_of_initializeHardware         (abs)        000000
__size_of_initializeTimers           (abs)        000000
__size_of_isdigit                    (abs)        000000
__size_of_isspace                    (abs)        000000
__size_of_isupper                    (abs)        000000
__size_of_lcdClearDisplay            (abs)        000000
__size_of_lcdDisplayControl          (abs)        000000
__size_of_lcdEntryMode               (abs)        000000
__size_of_lcdFunctionSet             (abs)        000000
__size_of_lcdInitialize              (abs)        000000
__size_of_lcdSetCursor               (abs)        000000
__size_of_lcdWriteByte               (abs)        000000
__size_of_lcdWriteChar               (abs)        000000
__size_of_lcdWriteNibble             (abs)        000000
__size_of_lcdWriteString             (abs)        000000
__size_of_lowPriorityISR             (abs)        000000
__size_of_main                       (abs)        000000
__size_of_pad                        (abs)        000000
__size_of_printf                     (abs)        000000
__size_of_putch                      (abs)        000000
__size_of_set_osc_p18f45k22_16MHz    (abs)        000000
__size_of_sprintf                    (abs)        000000
__size_of_strcpy                     (abs)        000000
__size_of_strlen                     (abs)        000000
__size_of_strncmp                    (abs)        000000
__size_of_tolower                    (abs)        000000
__size_of_vfpfcnvrt                  (abs)        000000
__size_of_vfprintf                   (abs)        000000
__size_ofi1_lcdClearDisplay          (abs)        000000
__size_ofi1_lcdSetCursor             (abs)        000000
__size_ofi1_lcdWriteByte             (abs)        000000
__size_ofi1_lcdWriteChar             (abs)        000000
__size_ofi1_lcdWriteNibble           (abs)        000000
__size_ofi1_lcdWriteString           (abs)        000000
__size_ofi1_strlen                   (abs)        000000
__size_ofi2___awdiv                  (abs)        000000
__size_ofi2___awmod                  (abs)        000000
__size_ofi2___fladd                  (abs)        000000
__size_ofi2___fldiv                  (abs)        000000
__size_ofi2___fleq                   (abs)        000000
__size_ofi2___flge                   (abs)        000000
__size_ofi2___flmul                  (abs)        000000
__size_ofi2___flneg                  (abs)        000000
__size_ofi2___flsub                  (abs)        000000
__size_ofi2___fltol                  (abs)        000000
__size_ofi2___fpclassifyf            (abs)        000000
__size_ofi2___wmul                   (abs)        000000
__size_ofi2_atoi                     (abs)        000000
__size_ofi2_efgtoa                   (abs)        000000
__size_ofi2_floorf                   (abs)        000000
__size_ofi2_fputc                    (abs)        000000
__size_ofi2_fputs                    (abs)        000000
__size_ofi2_isdigit                  (abs)        000000
__size_ofi2_isspace                  (abs)        000000
__size_ofi2_isupper                  (abs)        000000
__size_ofi2_lcdClearDisplay          (abs)        000000
__size_ofi2_lcdSetCursor             (abs)        000000
__size_ofi2_lcdWriteByte             (abs)        000000
__size_ofi2_lcdWriteChar             (abs)        000000
__size_ofi2_lcdWriteNibble           (abs)        000000
__size_ofi2_lcdWriteString           (abs)        000000
__size_ofi2_pad                      (abs)        000000
__size_ofi2_putch                    (abs)        000000
__size_ofi2_strcpy                   (abs)        000000
__size_ofi2_strlen                   (abs)        000000
__size_ofi2_strncmp                  (abs)        000000
__size_ofi2_tolower                  (abs)        000000
__size_ofi2_vfpfcnvrt                (abs)        000000
__size_ofi2_vfprintf                 (abs)        000000
__smallconst                         smallconst   000600
_atoi                                text31       004580
_atoi$1398                           cstackBANK1  00012B
_atoi$1399                           cstackBANK1  00012F
_atoi$1400                           cstackBANK1  00012D
_dbuf                                bssBANK2     000200
_efgtoa                              text10       001240
_efgtoa$897                          cstackBANK1  000159
_efgtoa$898                          cstackBANK1  00015B
_efgtoa$903                          cstackBANK1  00015D
_efgtoa$907                          cstackBANK1  00015F
_efgtoa$908                          cstackBANK1  000161
_efgtoa$909                          cstackBANK1  000163
_flags                               bssBANK1     0001C5
_floorf                              text19       004158
_fputc                               text17       00566E
_fputs                               text16       00645A
_highPriorityISR                     intcode      000008
_initializeButtonInterrupts          text43       006994
_initializeHardware                  text4        0065BC
_initializeTimers                    text42       00696A
_isdigit                             text33       006670
_isspace                             text32       0061D8
_isspace$1429                        cstackBANK1  000122
_isupper                             text12       0065FC
_lcdClearDisplay                     text39       0068F2
_lcdDisplayControl                   text38       0068AC
_lcdEntryMode                        text37       0068D0
_lcdFunctionSet                      text36       006752
_lcdInitialize                       text35       0053E2
_lcdSetCursor                        text3        0063C2
_lcdWriteByte                        text40       0067B8
_lcdWriteChar                        text2        006984
_lcdWriteNibble                      text41       005DD6
_lcdWriteString                      text1        0049C0
_lowPriorityISR                      intcodelo    000018
_main                                text0        0052E6
_nout                                bssBANK1     0001BF
_pad                                 text14       00573A
_prec                                bssBANK1     0001C3
_printf                              text6        006810
_putch                               text18       0069C2
_set_osc_p18f45k22_16MHz             text5        006932
_sprintf                             text59       0062D0
_strcpy                              text13       00611E
_strlen                              text15       00622C
_strncmp                             text9        0054C0
_timeElapsed                         bssBANK0     0000C5
_tolower                             text11       005FFA
_tolower$1525                        cstackBANK1  000128
_vfpfcnvrt                           text8        001DFC
_vfpfcnvrt$923                       cstackBANK1  000199
_vfpfcnvrt$927                       cstackBANK1  00019B
_vfprintf                            text7        005F98
_width                               bssBANK1     0001C1
atoi@n                               cstackBANK1  000130
atoi@neg                             cstackBANK1  000129
atoi@s                               cstackBANK1  000123
btemp                                temp         00005A
efgtoa@c                             cstackBANK1  00014F
efgtoa@d                             cstackBANK1  00016D
efgtoa@e                             cstackBANK1  000185
efgtoa@f                             cstackBANK1  00014B
efgtoa@fp                            cstackBANK1  000149
efgtoa@g                             cstackBANK1  000181
efgtoa@h                             cstackBANK1  000177
efgtoa@i                             cstackBANK1  00017F
efgtoa@l                             cstackBANK1  00017B
efgtoa@m                             cstackBANK1  000169
efgtoa@mode                          cstackBANK1  000176
efgtoa@n                             cstackBANK1  000187
efgtoa@ne                            cstackBANK1  00016B
efgtoa@nmode                         cstackBANK1  000173
efgtoa@ou                            cstackBANK1  000155
efgtoa@p                             cstackBANK1  000171
efgtoa@pp                            cstackBANK1  000167
efgtoa@sign                          cstackBANK1  00016F
efgtoa@t                             cstackBANK1  000165
efgtoa@u                             cstackBANK1  000189
efgtoa@w                             cstackBANK1  000174
end_of_initialization                cinit        0067AA
floorf@F524                          bssBANK1     0001B7
floorf@e                             cstackBANK1  000143
floorf@m                             cstackBANK1  00013F
floorf@u                             cstackBANK1  000145
floorf@x                             cstackBANK1  000135
fputc@c                              cstackBANK1  00011C
fputc@fp                             cstackBANK1  00011E
fputs@c                              cstackBANK1  000129
fputs@fp                             cstackBANK1  000127
fputs@i                              cstackBANK1  00012A
fputs@s                              cstackBANK1  000125
highPriorityISR@buffer               cstackBANK0  0000B4
i1_lcdClearDisplay                   text49       006912
i1_lcdSetCursor                      text48       00640E
i1_lcdWriteByte                      text50       0067E4
i1_lcdWriteChar                      text47       0069A4
i1_lcdWriteNibble                    text51       005E6E
i1_lcdWriteString                    text45       004BD0
i1_strlen                            text46       00627E
i1lcdSetCursor@col                   cstackBANK1  000107
i1lcdSetCursor@row                   cstackBANK1  000108
i1lcdWriteByte@byte                  cstackBANK1  000103
i1lcdWriteByte@lowerNibble           cstackBANK1  000105
i1lcdWriteByte@regType               cstackBANK1  000106
i1lcdWriteByte@upperNibble           cstackBANK1  000104
i1lcdWriteChar@data                  cstackBANK1  000107
i1lcdWriteNibble@nibble              cstackBANK1  000100
i1lcdWriteNibble@regType             cstackBANK1  000102
i1lcdWriteString@data                cstackBANK1  000109
i1lcdWriteString@i                   cstackBANK1  000111
i1lcdWriteString@i_779               cstackBANK1  00010F
i1lcdWriteString@stringLength        cstackBANK1  00010D
i1strlen@a                           cstackBANK1  000102
i1strlen@s                           cstackBANK1  000100
i2___awdiv                           text83       005A5A
i2___awdiv@counter                   cstackCOMRAM 000005
i2___awdiv@dividend                  cstackCOMRAM 000001
i2___awdiv@divisor                   cstackCOMRAM 000003
i2___awdiv@quotient                  cstackCOMRAM 000007
i2___awdiv@sign                      cstackCOMRAM 000006
i2___awmod                           text82       005BD0
i2___awmod@counter                   cstackCOMRAM 000005
i2___awmod@dividend                  cstackCOMRAM 000001
i2___awmod@divisor                   cstackCOMRAM 000003
i2___awmod@sign                      cstackCOMRAM 000006
i2___fladd                           text76       002D0C
i2___fladd@a                         cstackCOMRAM 000005
i2___fladd@aexp                      cstackCOMRAM 00000E
i2___fladd@b                         cstackCOMRAM 000001
i2___fladd@bexp                      cstackCOMRAM 00000F
i2___fladd@grs                       cstackCOMRAM 000010
i2___fladd@signs                     cstackCOMRAM 00000D
i2___fldiv                           text81       003DBE
i2___fldiv@a                         cstackCOMRAM 000005
i2___fldiv@aexp                      cstackCOMRAM 000019
i2___fldiv@b                         cstackCOMRAM 000001
i2___fldiv@bexp                      cstackCOMRAM 000018
i2___fldiv@grs                       cstackCOMRAM 000014
i2___fldiv@new_exp                   cstackCOMRAM 000012
i2___fldiv@rem                       cstackCOMRAM 00000D
i2___fldiv@sign                      cstackCOMRAM 000011
i2___fleq                            text80       005D2C
i2___fleq@ff1                        cstackCOMRAM 000001
i2___fleq@ff2                        cstackCOMRAM 000005
i2___flge                            text79       004EE4
i2___flge@ff1                        cstackCOMRAM 00001A
i2___flge@ff2                        cstackCOMRAM 00001E
i2___flmul                           text78       0035F8
i2___flmul@a                         cstackCOMRAM 000005
i2___flmul@aexp                      cstackCOMRAM 000012
i2___flmul@b                         cstackCOMRAM 000001
i2___flmul@bexp                      cstackCOMRAM 000013
i2___flmul@grs                       cstackCOMRAM 00000E
i2___flmul@prod                      cstackCOMRAM 000014
i2___flmul@sign                      cstackCOMRAM 00000D
i2___flmul@temp                      cstackCOMRAM 000018
i2___flneg                           text77       0066E2
i2___flneg@f1                        cstackCOMRAM 000001
i2___flsub                           text75       006532
i2___flsub@a                         cstackCOMRAM 00001E
i2___flsub@b                         cstackCOMRAM 00001A
i2___fltol                           text74       004DDE
i2___fltol@exp1                      cstackCOMRAM 00000A
i2___fltol@f1                        cstackCOMRAM 000001
i2___fltol@sign1                     cstackCOMRAM 000009
i2___fpclassifyf                     text73       0051E8
i2___fpclassifyf@e                   cstackCOMRAM 000009
i2___fpclassifyf@u                   cstackCOMRAM 00000B
i2___fpclassifyf@x                   cstackCOMRAM 000001
i2___wmul                            text87       006886
i2___wmul@multiplicand               cstackCOMRAM 000003
i2___wmul@multiplier                 cstackCOMRAM 000001
i2___wmul@product                    cstackCOMRAM 000005
i2_atoi                              text84       004714
i2_atoi$1398                         cstackCOMRAM 000010
i2_atoi$1399                         cstackCOMRAM 000014
i2_atoi$1400                         cstackCOMRAM 000012
i2_efgtoa                            text63       00067A
i2_efgtoa$897                        cstackBANK0  000064
i2_efgtoa$898                        cstackBANK0  000066
i2_efgtoa$903                        cstackBANK0  000068
i2_efgtoa$907                        cstackBANK0  00006A
i2_efgtoa$908                        cstackBANK0  00006C
i2_efgtoa$909                        cstackBANK0  00006E
i2_floorf                            text72       00436E
i2_fputc                             text70       005804
i2_fputs                             text69       006578
i2_isdigit                           text86       00671A
i2_isspace                           text85       006322
i2_isspace$1429                      cstackCOMRAM 000007
i2_isupper                           text65       0066AA
i2_lcdClearDisplay                   text56       00694E
i2_lcdSetCursor                      text55       0064EA
i2_lcdWriteByte                      text57       006860
i2_lcdWriteChar                      text54       0069B4
i2_lcdWriteNibble                    text58       005F06
i2_lcdWriteString                    text53       0050E8
i2_pad                               text67       005994
i2_putch                             text71       0069C4
i2_strcpy                            text66       00617C
i2_strlen                            text68       006374
i2_strncmp                           text62       005598
i2_tolower                           text64       0060BE
i2_tolower$1525                      cstackCOMRAM 00000D
i2_vfpfcnvrt                         text61       002324
i2_vfpfcnvrt$923                     cstackCOMRAM 000046
i2_vfpfcnvrt$927                     cstackCOMRAM 000048
i2_vfprintf                          text60       00605C
i2atoi@n                             cstackCOMRAM 000015
i2atoi@neg                           cstackCOMRAM 00000E
i2atoi@s                             cstackCOMRAM 000008
i2efgtoa@c                           cstackCOMRAM 000034
i2efgtoa@d                           cstackBANK0  000078
i2efgtoa@e                           cstackBANK0  000090
i2efgtoa@f                           cstackCOMRAM 000030
i2efgtoa@fp                          cstackCOMRAM 00002E
i2efgtoa@g                           cstackBANK0  00008C
i2efgtoa@h                           cstackBANK0  000082
i2efgtoa@i                           cstackBANK0  00008A
i2efgtoa@l                           cstackBANK0  000086
i2efgtoa@m                           cstackBANK0  000074
i2efgtoa@mode                        cstackBANK0  000081
i2efgtoa@n                           cstackBANK0  000092
i2efgtoa@ne                          cstackBANK0  000076
i2efgtoa@nmode                       cstackBANK0  00007E
i2efgtoa@ou                          cstackBANK0  000060
i2efgtoa@p                           cstackBANK0  00007C
i2efgtoa@pp                          cstackBANK0  000072
i2efgtoa@sign                        cstackBANK0  00007A
i2efgtoa@t                           cstackBANK0  000070
i2efgtoa@u                           cstackBANK0  000094
i2efgtoa@w                           cstackBANK0  00007F
i2floorf@e                           cstackCOMRAM 000028
i2floorf@m                           cstackCOMRAM 000024
i2floorf@u                           cstackCOMRAM 00002A
i2floorf@x                           cstackCOMRAM 00001A
i2fputc@c                            cstackCOMRAM 000001
i2fputc@fp                           cstackCOMRAM 000003
i2fputs@c                            cstackCOMRAM 00000E
i2fputs@fp                           cstackCOMRAM 00000C
i2fputs@i                            cstackCOMRAM 00000F
i2fputs@s                            cstackCOMRAM 00000A
i2isdigit@c                          cstackCOMRAM 000001
i2isspace@c                          cstackCOMRAM 000001
i2isupper@c                          cstackCOMRAM 000001
[...]
                  4    0[COMRAM] unsigned char 
 Registers used:
		wreg, status,2, status,0, prodl, prodh
 Tracked objects:
		On entry : 
		On exit  : 
		Unchanged: 
 Data sizes:     COMRAM   BANK0   BANK1   BANK2   BANK3   BANK4   BANK5
      Params:         8       0       0       0       0       0       0
      Locals:        13       0       0       0       0       0       0
      Temps:          4       0       0       0       0       0       0
      Totals:        25       0       0       0       0       0       0
Total ram usage:       25 bytes
 Hardware stack levels used:    1
 This function calls:
		Nothing
 This function is called by:
		i2_efgtoa
 This function uses a non-reentrant model


 *************** function i2___flge *****************
 Defined at:
		line 4 in file "C:\Program Files (x86)\Microchip\xc8\v2.10\pic\sources\c99\common\flge.c"
 Parameters:    Size  Location     Type
  ff1             4   25[COMRAM] unsigned char 
  ff2             4   29[COMRAM] unsigned char 
 Auto vars:     Size  Location     Type
		None
 Return value:  Size  Location     Type
		None               void
 Registers used:
		wreg, status,2, status,0
 Tracked objects:
		On entry : 
		On exit  : 
		Unchanged: 
 Data sizes:     COMRAM   BANK0   BANK1   BANK2   BANK3   BANK4   BANK5
      Params:         8       0       0       0       0       0       0
      Locals:         0       0       0       0       0       0       0
      Temps:          4       0       0       0       0       0       0
      Totals:        12       0       0       0       0       0       0
Total ram usage:       12 bytes
 Hardware stack levels used:    1
 This function calls:
		Nothing
 This function is called by:
		i2_efgtoa
 This function uses a non-reentrant model


 *************** function i2___fleq *****************
 Defined at:
		line 4 in file "C:\Program Files (x86)\Microchip\xc8\v2.10\pic\sources\c99\common\fleq.c"
 Parameters:    Size  Location     Type
  ff1             4    0[COMRAM] unsigned char 
  ff2             4    4[COMRAM] unsigned char 
 Auto vars:     Size  Location     Type
		None
 Return value:  Size  Location     Type
		None               void
 Registers used:
		wreg, status,2, status,0
 Tracked objects:
		On entry : 
		On exit  : 
		Unchanged: 
 Data sizes:     COMRAM   BANK0   BANK1   BANK2   BANK3   BANK4   BANK5
      Params:         8       0       0       0       0       0       0
      Locals:         0       0       0       0       0       0       0
      Temps:          4       0       0       0       0       0       0
      Totals:        12       0       0       0       0       0       0
Total ram usage:       12 bytes
 Hardware stack levels used:    1
 This function calls:
		Nothing
 This function is called by:
		i2_efgtoa
 This function uses a non-reentrant model


 *************** function i2___fldiv *****************
 Defined at:
		line 11 in file "C:\Program Files (x86)\Microchip\xc8\v2.10\pic\sources\c99\common\sprcdiv.c"
 Parameters:    Size  Location     Type
  b               4    0[COMRAM] unsigned char 
  a               4    4[COMRAM] unsigned char 
 Auto vars:     Size  Location     Type
  __fldiv         4   19[COMRAM] unsigned long 
  __fldiv         4   12[COMRAM] unsigned long 
  __fldiv         2   17[COMRAM] short 
  __fldiv         1   24[COMRAM] unsigned char 
  __fldiv         1   23[COMRAM] unsigned char 
  __fldiv         1   16[COMRAM] unsigned char 
 Return value:  Size  Location     Type
                  4    0[COMRAM] unsigned char 
 Registers used:
		wreg, status,2, status,0
 Tracked objects:
		On entry : 
		On exit  : 
		Unchanged: 
 Data sizes:     COMRAM   BANK0   BANK1   BANK2   BANK3   BANK4   BANK5
      Params:         8       0       0       0       0       0       0
      Locals:        13       0       0       0       0       0       0
      Temps:          4       0       0       0       0       0       0
      Totals:        25       0       0       0       0       0       0
Total ram usage:       25 bytes
 Hardware stack levels used:    1
 This function calls:
		Nothing
 This function is called by:
		i2_efgtoa
 This function uses a non-reentrant model


 *************** function i2___awmod *****************
 Defined at:
		line 7 in file "C:\Program Files (x86)\Microchip\xc8\v2.10\pic\sources\c99\common\awmod.c"
 Parameters:    Size  Location     Type
  dividend        2    0[COMRAM] int 
  divisor         2    2[COMRAM] int 
 Auto vars:     Size  Location     Type
  __awmod         1    5[COMRAM] unsigned char 
  __awmod         1    4[COMRAM] unsigned char 
 Return value:  Size  Location     Type
                  2    0[COMRAM] int 
 Registers used:
		wreg, status,2, status,0
 Tracked objects:
		On entry : 
		On exit  : 
		Unchanged: 
 Data sizes:     COMRAM   BANK0   BANK1   BANK2   BANK3   BANK4   BANK5
      Params:         4       0       0       0       0       0       0
      Locals:         2       0       0       0       0       0       0
      Temps:          0       0       0       0       0       0       0
      Totals:         6       0       0       0       0       0       0
Total ram usage:        6 bytes
 Hardware stack levels used:    1
 This function calls:
		Nothing
 This function is called by:
		i2_efgtoa
 This function uses a non-reentrant model


 *************** function i2___awdiv *****************
 Defined at:
		line 7 in file "C:\Program Files (x86)\Microchip\xc8\v2.10\pic\sources\c99\common\awdiv.c"
 Parameters:    Size  Location     Type
  dividend        2    0[COMRAM] int 
  divisor         2    2[COMRAM] int 
 Auto vars:     Size  Location     Type
  __awdiv         2    6[COMRAM] int 
  __awdiv         1    5[COMRAM] unsigned char 
  __awdiv         1    4[COMRAM] unsigned char 
 Return value:  Size  Location     Type
                  2    0[COMRAM] int 
 Registers used:
		wreg, status,2, status,0
 Tracked objects:
		On entry : 
		On exit  : 
		Unchanged: 
 Data sizes:     COMRAM   BANK0   BANK1   BANK2   BANK3   BANK4   BANK5
      Params:         4       0       0       0       0       0       0
      Locals:         4       0       0       0       0       0       0
      Temps:          0       0       0       0       0       0       0
      Totals:         8       0       0       0       0       0       0
Total ram usage:        8 bytes
 Hardware stack levels used:    1
 This function calls:
		Nothing
 This function is called by:
		i2_efgtoa
 This function uses a non-reentrant model


 *************** function i2_atoi *****************
 Defined at:
		line 4 in file "C:\Program Files (x86)\Microchip\xc8\v2.10\pic\sources\c99\common\atoi.c"
 Parameters:    Size  Location     Type
  s               2    7[COMRAM] PTR const unsigned char 
		 -> STR_7(14), STR_1(36), 
 Auto vars:     Size  Location     Type
  atoi            2   20[COMRAM] int 
  atoi            2   13[COMRAM] int 
 Return value:  Size  Location     Type
                  2    7[COMRAM] int 
 Registers used:
		wreg, status,2, status,0, tblptrl, tblptrh, tblptru, prodl, prodh, cstack
 Tracked objects:
		On entry : 
		On exit  : 
		Unchanged: 
 Data sizes:     COMRAM   BANK0   BANK1   BANK2   BANK3   BANK4   BANK5
      Params:         2       0       0       0       0       0       0
      Locals:         9       0       0       0       0       0       0
      Temps:          4       0       0       0       0       0       0
      Totals:        15       0       0       0       0       0       0
Total ram usage:       15 bytes
 Hardware stack levels used:    1
 Hardware stack levels required when called:    1
 This function calls:
		i2___wmul
		i2_isdigit
		i2_isspace
 This function is called by:
		i2_vfpfcnvrt
 This function uses a non-reentrant model


 *************** function i2_isspace *****************
 Defined at:
		line 5 in file "C:\Program Files (x86)\Microchip\xc8\v2.10\pic\sources\c99\common\isspace.c"
 Parameters:    Size  Location     Type
  c               2    0[COMRAM] int 
 Auto vars:     Size  Location     Type
		None
 Return value:  Size  Location     Type
                  2    0[COMRAM] int 
 Registers used:
		wreg, status,2, status,0
 Tracked objects:
		On entry : 
		On exit  : 
		Unchanged: 
 Data sizes:     COMRAM   BANK0   BANK1   BANK2   BANK3   BANK4   BANK5
      Params:         2       0       0       0       0       0       0
      Locals:         1       0       0       0       0       0       0
      Temps:          4       0       0       0       0       0       0
      Totals:         7       0       0       0       0       0       0
Total ram usage:        7 bytes
 Hardware stack levels used:    1
 This function calls:
		Nothing
 This function is called by:
		i2_atoi
 This function uses a non-reentrant model


 *************** function i2_isdigit *****************
 Defined at:
		line 5 in file "C:\Program Files (x86)\Microchip\xc8\v2.10\pic\sources\c99\common\isdigit.c"
 Parameters:    Size  Location     Type
  c               2    0[COMRAM] int 
 Auto vars:     Size  Location     Type
		None
 Return value:  Size  Location     Type
                  2    0[COMRAM] int 
 Registers used:
		wreg, status,2, status,0
 Tracked objects:
		On entry : 
		On exit  : 
		Unchanged: 
 Data sizes:     COMRAM   BANK0   BANK1   BANK2   BANK3   BANK4   BANK5
      Params:         2       0       0       0       0       0       0
      Locals:         0       0       0       0       0       0       0
      Temps:          4       0       0       0       0       0       0
      Totals:         6       0       0       0       0       0       0
Total ram usage:        6 bytes
 Hardware stack levels used:    1
 This function calls:
		Nothing
 This function is called by:
		i2_vfpfcnvrt
		i2_atoi
 This function uses a non-reentrant model


 *************** function i2___wmul *****************
 Defined at:
		line 15 in file "C:\Program Files (x86)\Microchip\xc8\v2.10\pic\sources\c99\common\Umul16.c"
 Parameters:    Size  Location     Type
  multiplier      2    0[COMRAM] unsigned int 
  multiplicand    2    2[COMRAM] unsigned int 
 Auto vars:     Size  Location     Type
  __wmul          2    4[COMRAM] unsigned int 
 Return value:  Size  Location     Type
                  2    0[COMRAM] unsigned int 
 Registers used:
		wreg, status,2, status,0, prodl, prodh
 Tracked objects:
		On entry : 
		On exit  : 
		Unchanged: 
 Data sizes:     COMRAM   BANK0   BANK1   BANK2   BANK3   BANK4   BANK5
      Params:         4       0       0       0       0       0       0
      Locals:         2       0       0       0       0       0       0
      Temps:          0       0       0       0       0       0       0
      Totals:         6       0       0       0       0       0       0
Total ram usage:        6 bytes
 Hardware stack levels used:    1
 This function calls:
		Nothing
 This function is called by:
		i2_atoi
 This function uses a non-reentrant model



MODULE INFORMATION

Module		Function		Class		Link	Load	Size
C:\Program Files (x86)\Microchip\xc8\v2.10\pic\sources\c99\common\floorf.c
		_floorf        		CODE           	4158	0000	535

C:\Program Files (x86)\Microchip\xc8\v2.10\pic\sources\c99\common\floorf.c estimated size: 535

C:\Program Files (x86)\Microchip\xc8\v2.10\pic\sources\c99\common\atoi.c
		_atoi          		CODE           	4580	0000	405

C:\Program Files (x86)\Microchip\xc8\v2.10\pic\sources\c99\common\atoi.c estimated size: 405

C:\Program Files (x86)\Microchip\xc8\v2.10\pic\sources\c99\common\fleq.c
		___fleq        		CODE           	5C80	0000	173

C:\Program Files (x86)\Microchip\xc8\v2.10\pic\sources\c99\common\fleq.c estimated size: 173

C:\Program Files (x86)\Microchip\xc8\v2.10\pic\sources\c99\common\awdiv.c
		___awdiv       		CODE           	58CE	0000	199

C:\Program Files (x86)\Microchip\xc8\v2.10\pic\sources\c99\common\awdiv.c estimated size: 199

C:\Program Files (x86)\Microchip\xc8\v2.10\pic\sources\c99\common\isspace.c
		_isspace       		CODE           	61D8	0000	85

C:\Program Files (x86)\Microchip\xc8\v2.10\pic\sources\c99\common\isspace.c estimated size: 85

C:\Program Files (x86)\Microchip\xc8\v2.10\pic\sources\c99\common\strlen.c
		_strlen        		CODE           	622C	0000	83

C:\Program Files (x86)\Microchip\xc8\v2.10\pic\sources\c99\common\strlen.c estimated size: 83

C:\Program Files (x86)\Microchip\xc8\v2.10\pic\sources\c99\common\fltol.c
		___fltol       		CODE           	4AC8	0000	265

C:\Program Files (x86)\Microchip\xc8\v2.10\pic\sources\c99\common\fltol.c estimated size: 265

C:\Program Files (x86)\Microchip\xc8\v2.10\pic\sources\c99\common\strcpy.c
		_strcpy        		CODE           	611E	0000	95

C:\Program Files (x86)\Microchip\xc8\v2.10\pic\sources\c99\common\strcpy.c estimated size: 95

C:\Program Files (x86)\Microchip\xc8\v2.10\pic\sources\c99\common\strncmp.c
		_strncmp       		CODE           	54C0	0000	217

C:\Program Files (x86)\Microchip\xc8\v2.10\pic\sources\c99\common\strncmp.c estimated size: 217

C:\Program Files (x86)\Microchip\xc8\v2.10\pic\sources\c99\common\tolower.c
		_tolower       		CODE           	5FFA	0000	99

C:\Program Files (x86)\Microchip\xc8\v2.10\pic\sources\c99\common\tolower.c estimated size: 99

C:\Program Files (x86)\Microchip\xc8\v2.10\pic\sources\c99\common\sprcmul.c
		___flmul       		CODE           	31CC	0000	1069

C:\Program Files (x86)\Microchip\xc8\v2.10\pic\sources\c99\common\sprcmul.c estimated size: 1069

C:\Program Files (x86)\Microchip\xc8\v2.10\pic\sources\c99\common\sprcdiv.c
		___fldiv       		CODE           	3A22	0000	925

C:\Program Files (x86)\Microchip\xc8\v2.10\pic\sources\c99\common\sprcdiv.c estimated size: 925

C:\Program Files (x86)\Microchip\xc8\v2.10\pic\sources\c99\common\doprnt.c
		_vfpfcnvrt     		CODE           	1DFC	0000	1321
		_efgtoa        		CODE           	1240	0000	3005
		_pad           		CODE           	573A	0000	203
		_vfprintf      		CODE           	5F98	0000	99

C:\Program Files (x86)\Microchip\xc8\v2.10\pic\sources\c99\common\doprnt.c estimated size: 4628

C:\Program Files (x86)\Microchip\xc8\v2.10\pic\sources\c99\common\nf_fputs.c
		_fputs         		CODE           	645A	0000	73

C:\Program Files (x86)\Microchip\xc8\v2.10\pic\sources\c99\common\nf_fputs.c estimated size: 73

C:\Program Files (x86)\Microchip\xc8\v2.10\pic\sources\c99\common\flge.c
		___flge        		CODE           	4CD8	0000	263

C:\Program Files (x86)\Microchip\xc8\v2.10\pic\sources\c99\common\flge.c estimated size: 263

C:\Program Files (x86)\Microchip\xc8\v2.10\pic\sources\c99\common\flneg.c
		___flneg       		CODE           	6636	0000	59

C:\Program Files (x86)\Microchip\xc8\v2.10\pic\sources\c99\common\flneg.c estimated size: 59

shared
		i2_vfpfcnvrt   		CODE           	2324	0000	1319
		i2_pad         		CODE           	5994	0000	199
		i2_atoi        		CODE           	4714	0000	401
		i2_floorf      		CODE           	436E	0000	531
		i2_putch       		CODE           	69C4	0000	3
		i2___fleq      		CODE           	5D2C	0000	171
		i2_isspace     		CODE           	6322	0000	83
		i2_strncmp     		CODE           	5598	0000	215
		i2_vfprintf    		CODE           	605C	0000	99
		i2_isdigit     		CODE           	671A	0000	57
		i2___flneg     		CODE           	66E2	0000	57
		i2_strcpy      		CODE           	617C	0000	93
		i2___awdiv     		CODE           	5A5A	0000	197
		i1_lcdSetCursor		CODE           	640E	0000	77
		i2___fladd     		CODE           	2D0C	0000	1217
		i2_lcdSetCursor		CODE           	64EA	0000	73
		i2___wmul      		CODE           	6886	0000	39
		i2___fldiv     		CODE           	3DBE	0000	923
		i2___fltol     		CODE           	4DDE	0000	263
		__initialization		CODE           	6788	0000	35
		i1_lcdWriteNibble		CODE           	5E6E	0000	153
		i2_lcdWriteNibble		CODE           	5F06	0000	147
		i2___flge      		CODE           	4EE4	0000	261
		i1_lcdWriteString		CODE           	4BD0	0000	265
		i2_lcdWriteString		CODE           	50E8	0000	257
		i2___awmod     		CODE           	5BD0	0000	177
		i2___flmul     		CODE           	35F8	0000	1067
		i1_lcdWriteChar		CODE           	69A4	0000	17
		i1_lcdWriteByte		CODE           	67E4	0000	45
		i2_lcdWriteChar		CODE           	69B4	0000	15
		i2_lcdWriteByte		CODE           	6860	0000	39
		i2___fpclassifyf		CODE           	51E8	0000	255
		i2___flsub     		CODE           	6532	0000	71
		i1_lcdClearDisplay		CODE           	6912	0000	33
		i2_efgtoa      		CODE           	067A	0000	3015
		i2_lcdClearDisplay		CODE           	694E	0000	29
		i2_isupper     		CODE           	66AA	0000	57
		i2_fputc       		CODE           	5804	0000	203
		i1_strlen      		CODE           	627E	0000	83
		i2_fputs       		CODE           	6578	0000	69
		i2_strlen      		CODE           	6374	0000	79
		i2_tolower     		CODE           	60BE	0000	97

shared estimated size: 12486

C:\Program Files (x86)\Microchip\xc8\v2.10\pic\sources\c99\common\putch.c
		_putch         		CODE           	69C2	0000	3

C:\Program Files (x86)\Microchip\xc8\v2.10\pic\sources\c99\common\putch.c estimated size: 3

C:\Program Files (x86)\Microchip\xc8\v2.10\pic\sources\c99\common\isdigit.c
		_isdigit       		CODE           	6670	0000	59

C:\Program Files (x86)\Microchip\xc8\v2.10\pic\sources\c99\common\isdigit.c estimated size: 59

C:\Program Files (x86)\Microchip\xc8\v2.10\pic\sources\c99\common\sprcadd.c
		___flsub       		CODE           	64A2	0000	73
		___fladd       		CODE           	284A	0000	1219

C:\Program Files (x86)\Microchip\xc8\v2.10\pic\sources\c99\common\sprcadd.c estimated size: 1292

lcd.c
		_lcdFunctionSet		CODE           	6752	0000	55
		_lcdClearDisplay		CODE           	68F2	0000	33
		_lcdSetCursor  		CODE           	63C2	0000	77
		_lcdDisplayControl		CODE           	68AC	0000	37
		_lcdWriteChar  		CODE           	6984	0000	17
		_lcdWriteByte  		CODE           	67B8	0000	45
		_lcdEntryMode  		CODE           	68D0	0000	35
		_lcdInitialize 		CODE           	53E2	0000	223
		_lcdWriteNibble		CODE           	5DD6	0000	153
		_lcdWriteString		CODE           	49C0	0000	265

lcd.c estimated size: 940

C:\Program Files (x86)\Microchip\xc8\v2.10\pic\sources\c99\common\nf_sprintf.c
		_sprintf       		CODE           	62D0	0000	83

C:\Program Files (x86)\Microchip\xc8\v2.10\pic\sources\c99\common\nf_sprintf.c estimated size: 83

C:\Program Files (x86)\Microchip\xc8\v2.10\pic\sources\c99\common\Umul16.c
		___wmul        		CODE           	6838	0000	41

C:\Program Files (x86)\Microchip\xc8\v2.10\pic\sources\c99\common\Umul16.c estimated size: 41

initializeHardware.c
		_initializeButtonInterrupts		CODE           	6994	0000	17
		_initializeHardware		CODE           	65BC	0000	65
		_set_osc_p18f45k22_16MHz		CODE           	6932	0000	29
		_initializeTimers		CODE           	696A	0000	27

initializeHardware.c estimated size: 138

C:\Program Files (x86)\Microchip\xc8\v2.10\pic\sources\c99\common\awmod.c
		___awmod       		CODE           	5B1E	0000	179

C:\Program Files (x86)\Microchip\xc8\v2.10\pic\sources\c99\common\awmod.c estimated size: 179

main.c
		_main          		CODE           	52E6	0000	253
		_highPriorityISR		CODE           	0008	0000	291
		_lowPriorityISR		CODE           	0018	0000	163

main.c estimated size: 707

C:\Program Files (x86)\Microchip\xc8\v2.10\pic\sources\c99\common\isupper.c
		_isupper       		CODE           	65FC	0000	59

C:\Program Files (x86)\Microchip\xc8\v2.10\pic\sources\c99\common\isupper.c estimated size: 59

C:\Program Files (x86)\Microchip\xc8\v2.10\pic\sources\c99\common\printf.c
		_printf        		CODE           	6810	0000	41

C:\Program Files (x86)\Microchip\xc8\v2.10\pic\sources\c99\common\printf.c estimated size: 41

C:\Program Files (x86)\Microchip\xc8\v2.10\pic\sources\c99\common\__fpclassifyf.c
		___fpclassifyf 		CODE           	4FE8	0000	257

C:\Program Files (x86)\Microchip\xc8\v2.10\pic\sources\c99\common\__fpclassifyf.c estimated size: 257

C:\Program Files (x86)\Microchip\xc8\v2.10\pic\sources\c99\common\nf_fputc.c
		_fputc         		CODE           	566E	0000	205

C:\Program Files (x86)\Microchip\xc8\v2.10\pic\sources\c99\common\nf_fputc.c estimated size: 205

